Archive member included to satisfy reference by file (symbol)

/Users/gideon/Documents/GitHub/Digital-Electronics/i2c/build/cxx/libcxx.a(cxx_exception_stubs.o)
                              (__cxx_fatal_exception)
/Users/gideon/Documents/GitHub/Digital-Electronics/i2c/build/cxx/libcxx.a(cxx_guards.o)
                              (__cxa_guard_dummy)
/Users/gideon/Documents/GitHub/Digital-Electronics/i2c/build/esp32/libesp32.a(cpu_start.o)
                              (call_start_cpu0)
/Users/gideon/Documents/GitHub/Digital-Electronics/i2c/build/esp32/libesp32.a(crosscore_int.o)
                              /Users/gideon/Documents/GitHub/Digital-Electronics/i2c/build/esp32/libesp32.a(cpu_start.o) (esp_crosscore_int_init)
/Users/gideon/Documents/GitHub/Digital-Electronics/i2c/build/esp32/libesp32.a(dbg_stubs.o)
                              /Users/gideon/Documents/GitHub/Digital-Electronics/i2c/build/esp32/libesp32.a(cpu_start.o) (esp_dbg_stubs_init)
/Users/gideon/Documents/GitHub/Digital-Electronics/i2c/build/esp32/libesp32.a(dport_access.o)
                              /Users/gideon/Documents/GitHub/Digital-Electronics/i2c/build/esp32/libesp32.a(cpu_start.o) (esp_dport_access_stall_other_cpu_start)
/Users/gideon/Documents/GitHub/Digital-Electronics/i2c/build/esp32/libesp32.a(esp_timer.o)
                              /Users/gideon/Documents/GitHub/Digital-Electronics/i2c/build/esp32/libesp32.a(cpu_start.o) (esp_timer_init)
/Users/gideon/Documents/GitHub/Digital-Electronics/i2c/build/esp32/libesp32.a(esp_timer_esp32.o)
                              /Users/gideon/Documents/GitHub/Digital-Electronics/i2c/build/esp32/libesp32.a(esp_timer.o) (esp_timer_impl_get_time)
/Users/gideon/Documents/GitHub/Digital-Electronics/i2c/build/esp32/libesp32.a(int_wdt.o)
                              /Users/gideon/Documents/GitHub/Digital-Electronics/i2c/build/esp32/libesp32.a(cpu_start.o) (esp_int_wdt_init)
/Users/gideon/Documents/GitHub/Digital-Electronics/i2c/build/esp32/libesp32.a(intr_alloc.o)
                              /Users/gideon/Documents/GitHub/Digital-Electronics/i2c/build/esp32/libesp32.a(esp_timer_esp32.o) (esp_intr_enable)
/Users/gideon/Documents/GitHub/Digital-Electronics/i2c/build/esp32/libesp32.a(ipc.o)
                              /Users/gideon/Documents/GitHub/Digital-Electronics/i2c/build/esp32/libesp32.a(cpu_start.o) (esp_ipc_init)
/Users/gideon/Documents/GitHub/Digital-Electronics/i2c/build/esp32/libesp32.a(panic.o)
                              /Users/gideon/Documents/GitHub/Digital-Electronics/i2c/build/cxx/libcxx.a(cxx_exception_stubs.o) (abort)
/Users/gideon/Documents/GitHub/Digital-Electronics/i2c/build/esp32/libesp32.a(system_api.o)
                              /Users/gideon/Documents/GitHub/Digital-Electronics/i2c/build/esp32/libesp32.a(panic.o) (esp_restart_noos)
/Users/gideon/Documents/GitHub/Digital-Electronics/i2c/build/esp32/libesp32.a(task_wdt.o)
                              /Users/gideon/Documents/GitHub/Digital-Electronics/i2c/build/esp32/libesp32.a(cpu_start.o) (esp_task_wdt_init)
/Users/gideon/Documents/GitHub/Digital-Electronics/i2c/build/esp32/libesp32.a(dport_panic_highint_hdl.o)
                              (ld_include_panic_highint_hdl)
/Users/gideon/Documents/GitHub/Digital-Electronics/i2c/build/esp32/libesp32.a(brownout.o)
                              /Users/gideon/Documents/GitHub/Digital-Electronics/i2c/build/esp32/libesp32.a(cpu_start.o) (esp_brownout_init)
/Users/gideon/Documents/GitHub/Digital-Electronics/i2c/build/esp32/libesp32.a(cache_err_int.o)
                              /Users/gideon/Documents/GitHub/Digital-Electronics/i2c/build/esp32/libesp32.a(cpu_start.o) (esp_cache_err_int_init)
/Users/gideon/Documents/GitHub/Digital-Electronics/i2c/build/esp32/libesp32.a(clk.o)
                              /Users/gideon/Documents/GitHub/Digital-Electronics/i2c/build/esp32/libesp32.a(cpu_start.o) (esp_clk_init)
/Users/gideon/Documents/GitHub/Digital-Electronics/i2c/build/esp32/libesp32.a(esp_err_to_name.o)
                              /Users/gideon/Documents/GitHub/Digital-Electronics/i2c/build/esp32/libesp32.a(panic.o) (esp_err_to_name)
/Users/gideon/Documents/GitHub/Digital-Electronics/i2c/build/esp32/libesp32.a(freertos_hooks.o)
                              /Users/gideon/Documents/GitHub/Digital-Electronics/i2c/build/esp32/libesp32.a(task_wdt.o) (esp_register_freertos_idle_hook_for_cpu)
/Users/gideon/esp/esp-idf/components/esp32/libhal.a(int_asm--set_intclear.o)
                              /Users/gideon/Documents/GitHub/Digital-Electronics/i2c/build/esp32/libesp32.a(intr_alloc.o) (xthal_set_intclear)
/Users/gideon/Documents/GitHub/Digital-Electronics/i2c/build/freertos/libfreertos.a(FreeRTOS-openocd.o)
                              (uxTopUsedPriority)
/Users/gideon/Documents/GitHub/Digital-Electronics/i2c/build/freertos/libfreertos.a(port.o)
[...]
Memory Configuration

Name             Origin             Length             Attributes
iram0_0_seg      0x0000000040080000 0x0000000000020000 xr
iram0_2_seg      0x00000000400d0018 0x000000000032ffe8 xr
dram0_0_seg      0x000000003ffb0000 0x000000000002c200 rw
drom0_0_seg      0x000000003f400018 0x00000000003fffe8 r
rtc_iram_seg     0x00000000400c0000 0x0000000000002000 xrw
rtc_slow_seg     0x0000000050000000 0x0000000000001000 rw
*default*        0x0000000000000000 0xffffffffffffffff

Linker script and memory map

START GROUP
LOAD /Users/gideon/Documents/GitHub/Digital-Electronics/i2c/build/app_trace/libapp_trace.a
LOAD /Users/gideon/Documents/GitHub/Digital-Electronics/i2c/build/app_update/libapp_update.a
LOAD /Users/gideon/Documents/GitHub/Digital-Electronics/i2c/build/asio/libasio.a
LOAD /Users/gideon/Documents/GitHub/Digital-Electronics/i2c/build/bootloader_support/libbootloader_support.a
LOAD /Users/gideon/Documents/GitHub/Digital-Electronics/i2c/build/bt/libbt.a
LOAD /Users/gideon/Documents/GitHub/Digital-Electronics/i2c/build/coap/libcoap.a
LOAD /Users/gideon/Documents/GitHub/Digital-Electronics/i2c/build/console/libconsole.a
LOAD /Users/gideon/Documents/GitHub/Digital-Electronics/i2c/build/cxx/libcxx.a
LOAD /Users/gideon/Documents/GitHub/Digital-Electronics/i2c/build/driver/libdriver.a
LOAD /Users/gideon/Documents/GitHub/Digital-Electronics/i2c/build/esp-tls/libesp-tls.a
LOAD /Users/gideon/Documents/GitHub/Digital-Electronics/i2c/build/esp32/libesp32.a
LOAD /Users/gideon/esp/esp-idf/components/esp32/libhal.a
LOAD /Users/gideon/esp/esp-idf/components/esp32/lib/libcore.a
LOAD /Users/gideon/esp/esp-idf/components/esp32/lib/librtc.a
LOAD /Users/gideon/esp/esp-idf/components/esp32/lib/libnet80211.a
LOAD /Users/gideon/esp/esp-idf/components/esp32/lib/libpp.a
LOAD /Users/gideon/esp/esp-idf/components/esp32/lib/libwpa.a
LOAD /Users/gideon/esp/esp-idf/components/esp32/lib/libsmartconfig.a
LOAD /Users/gideon/esp/esp-idf/components/esp32/lib/libcoexist.a
LOAD /Users/gideon/esp/esp-idf/components/esp32/lib/libwps.a
LOAD /Users/gideon/esp/esp-idf/components/esp32/lib/libwpa2.a
LOAD /Users/gideon/esp/esp-idf/components/esp32/lib/libespnow.a
LOAD /Users/gideon/esp/esp-idf/components/esp32/lib/libphy.a
LOAD /Users/gideon/esp/esp-idf/components/esp32/lib/libmesh.a
LOAD /Users/gideon/Documents/GitHub/Digital-Electronics/i2c/build/esp_adc_cal/libesp_adc_cal.a
LOAD /Users/gideon/Documents/GitHub/Digital-Electronics/i2c/build/esp_http_client/libesp_http_client.a
LOAD /Users/gideon/Documents/GitHub/Digital-Electronics/i2c/build/ethernet/libethernet.a
LOAD /Users/gideon/Documents/GitHub/Digital-Electronics/i2c/build/expat/libexpat.a
LOAD /Users/gideon/Documents/GitHub/Digital-Electronics/i2c/build/fatfs/libfatfs.a
LOAD /Users/gideon/Documents/GitHub/Digital-Electronics/i2c/build/freertos/libfreertos.a
LOAD /Users/gideon/Documents/GitHub/Digital-Electronics/i2c/build/heap/libheap.a
LOAD /Users/gideon/Documents/GitHub/Digital-Electronics/i2c/build/http_server/libhttp_server.a
LOAD /Users/gideon/Documents/GitHub/Digital-Electronics/i2c/build/idf_test/libidf_test.a
LOAD /Users/gideon/Documents/GitHub/Digital-Electronics/i2c/build/jsmn/libjsmn.a
LOAD /Users/gideon/Documents/GitHub/Digital-Electronics/i2c/build/json/libjson.a
LOAD /Users/gideon/Documents/GitHub/Digital-Electronics/i2c/build/libsodium/liblibsodium.a
LOAD /Users/gideon/Documents/GitHub/Digital-Electronics/i2c/build/log/liblog.a
LOAD /Users/gideon/Documents/GitHub/Digital-Electronics/i2c/build/lwip/liblwip.a
LOAD /Users/gideon/Documents/GitHub/Digital-Electronics/i2c/build/main/libmain.a
LOAD /Users/gideon/Documents/GitHub/Digital-Electronics/i2c/build/mbedtls/libmbedtls.a
LOAD /Users/gideon/Documents/GitHub/Digital-Electronics/i2c/build/mdns/libmdns.a
LOAD /Users/gideon/Documents/GitHub/Digital-Electronics/i2c/build/micro-ecc/libmicro-ecc.a
LOAD /Users/gideon/esp/esp-idf/components/newlib/lib/libc.a
LOAD /Users/gideon/esp/esp-idf/components/newlib/lib/libm.a
LOAD /Users/gideon/Documents/GitHub/Digital-Electronics/i2c/build/newlib/libnewlib.a
LOAD /Users/gideon/Documents/GitHub/Digital-Electronics/i2c/build/nghttp/libnghttp.a
LOAD /Users/gideon/Documents/GitHub/Digital-Electronics/i2c/build/nvs_flash/libnvs_flash.a
LOAD /Users/gideon/Documents/GitHub/Digital-Electronics/i2c/build/openssl/libopenssl.a
LOAD /Users/gideon/Documents/GitHub/Digital-Electronics/i2c/build/pthread/libpthread.a
LOAD /Users/gideon/Documents/GitHub/Digital-Electronics/i2c/build/sdmmc/libsdmmc.a
LOAD /Users/gideon/Documents/GitHub/Digital-Electronics/i2c/build/smartconfig_ack/libsmartconfig_ack.a
LOAD /Users/gideon/Documents/GitHub/Digital-Electronics/i2c/build/soc/libsoc.a
LOAD /Users/gideon/Documents/GitHub/Digital-Electronics/i2c/build/spi_flash/libspi_flash.a
LOAD /Users/gideon/Documents/GitHub/Digital-Electronics/i2c/build/spiffs/libspiffs.a
LOAD /Users/gideon/Documents/GitHub/Digital-Electronics/i2c/build/tcpip_adapter/libtcpip_adapter.a
LOAD /Users/gideon/Documents/GitHub/Digital-Electronics/i2c/build/ulp/libulp.a
LOAD /Users/gideon/Documents/GitHub/Digital-Electronics/i2c/build/vfs/libvfs.a
LOAD /Users/gideon/Documents/GitHub/Digital-Electronics/i2c/build/wear_levelling/libwear_levelling.a
LOAD /Users/gideon/Documents/GitHub/Digital-Electronics/i2c/build/wpa_supplicant/libwpa_supplicant.a
LOAD /Users/gideon/Documents/GitHub/Digital-Electronics/i2c/build/xtensa-debug-module/libxtensa-debug-module.a
LOAD /Users/gideon/esp/xtensa-esp32-elf/bin/../lib/gcc/xtensa-esp32-elf/5.2.0/libgcc.a
LOAD /Users/gideon/esp/xtensa-esp32-elf/bin/../lib/gcc/xtensa-esp32-elf/5.2.0/../../../../xtensa-esp32-elf/lib/libstdc++.a
LOAD /Users/gideon/esp/xtensa-esp32-elf/bin/../lib/gcc/xtensa-esp32-elf/5.2.0/libgcov.a
END GROUP
                0x0000000040000000                _heap_end = 0x40000000

.rtc.text       0x00000000400c0000        0x0
                0x00000000400c0000                . = ALIGN (0x4)
 *(.rtc.literal .rtc.text)
 *rtc_wake_stub*.o(.literal .text .literal.* .text.*)

.rtc.data       0x0000000050000000        0x0
                0x0000000050000000                _rtc_data_start = ABSOLUTE (.)
 *(.rtc.data)
 *(.rtc.rodata)
 *rtc_wake_stub*.o(.data .rodata .data.* .rodata.* .bss .bss.*)
                0x0000000050000000                _rtc_data_end = ABSOLUTE (.)

.rtc.bss        0x0000000050000000        0x0
                0x0000000050000000                _rtc_bss_start = ABSOLUTE (.)
 *rtc_wake_stub*.o(.bss .bss.*)
 *rtc_wake_stub*.o(COMMON)
                0x0000000050000000                _rtc_bss_end = ABSOLUTE (.)

.rtc_noinit     0x0000000050000000        0x0
                0x0000000050000000                . = ALIGN (0x4)
                0x0000000050000000                _rtc_noinit_start = ABSOLUTE (.)
 *(.rtc_noinit .rtc_noinit.*)
                0x0000000050000000                . = ALIGN (0x4)
                0x0000000050000000                _rtc_noinit_end = ABSOLUTE (.)

.iram0.vectors  0x0000000040080000      0x400
                0x0000000040080000                _init_start = ABSOLUTE (.)
                0x0000000000000000                . = 0x0
 *(.WindowVectors.text)
 .WindowVectors.text
                0x0000000040080000      0x16a /Users/gideon/Documents/GitHub/Digital-Electronics/i2c/build/freertos/libfreertos.a(xtensa_vectors.o)
                0x0000000040080000                _WindowOverflow4
                0x0000000040080040                _WindowUnderflow4
                0x0000000040080050                _xt_alloca_exc
                0x0000000040080080                _WindowOverflow8
                0x00000000400800c0                _WindowUnderflow8
                0x0000000040080100                _WindowOverflow12
                0x0000000040080140                _WindowUnderflow12
                0x0000000000000180                . = 0x180
 *fill*         0x000000004008016a       0x16 
 *(.Level2InterruptVector.text)
 .Level2InterruptVector.text
                0x0000000040080180        0x6 /Users/gideon/Documents/GitHub/Digital-Electronics/i2c/build/freertos/libfreertos.a(xtensa_vectors.o)
                0x0000000040080180                _Level2Vector
                0x00000000000001c0                . = 0x1c0
 *fill*         0x0000000040080186       0x3a 
 *(.Level3InterruptVector.text)
 .Level3InterruptVector.text
                0x00000000400801c0        0x6 /Users/gideon/Documents/GitHub/Digital-Electronics/i2c/build/freertos/libfreertos.a(xtensa_vectors.o)
                0x00000000400801c0                _Level3Vector
                0x0000000000000200                . = 0x200
 *fill*         0x00000000400801c6       0x3a 
 *(.Level4InterruptVector.text)
 .Level4InterruptVector.text
                0x0000000040080200        0x6 /Users/gideon/Documents/GitHub/Digital-Electronics/i2c/build/freertos/libfreertos.a(xtensa_vectors.o)
                0x0000000040080200                _Level4Vector
                0x0000000000000240                . = 0x240
 *fill*         0x0000000040080206       0x3a 
 *(.Level5InterruptVector.text)
 .Level5InterruptVector.text
                0x0000000040080240        0x6 /Users/gideon/Documents/GitHub/Digital-Electronics/i2c/build/freertos/libfreertos.a(xtensa_vectors.o)
                0x0000000040080240                _Level5Vector
                0x0000000000000280                . = 0x280
 *fill*         0x0000000040080246       0x3a 
 *(.DebugExceptionVector.text)
 .DebugExceptionVector.text
                0x0000000040080280        0x6 /Users/gideon/Documents/GitHub/Digital-Electronics/i2c/build/freertos/libfreertos.a(xtensa_vectors.o)
                0x0000000040080280                _DebugExceptionVector
                0x00000000000002c0                . = 0x2c0
 *fill*         0x0000000040080286       0x3a 
 *(.NMIExceptionVector.text)
 .NMIExceptionVector.text
                0x00000000400802c0        0x6 /Users/gideon/Documents/GitHub/Digital-Electronics/i2c/build/freertos/libfreertos.a(xtensa_vectors.o)
                0x00000000400802c0                _NMIExceptionVector
                0x0000000000000300                . = 0x300
 *fill*         0x00000000400802c6       0x3a 
 *(.KernelExceptionVector.text)
 .KernelExceptionVector.text
                0x0000000040080300        0x6 /Users/gideon/Documents/GitHub/Digital-Electronics/i2c/build/freertos/libfreertos.a(xtensa_vectors.o)
                0x0000000040080300                _KernelExceptionVector
                0x0000000000000340                . = 0x340
 *fill*         0x0000000040080306       0x3a 
 *(.UserExceptionVector.text)
 .UserExceptionVector.text
                0x0000000040080340        0x6 /Users/gideon/Documents/GitHub/Digital-Electronics/i2c/build/freertos/libfreertos.a(xtensa_vectors.o)
                0x0000000040080340                _UserExceptionVector
                0x00000000000003c0                . = 0x3c0
 *fill*         0x0000000040080346       0x7a 
 *(.DoubleExceptionVector.text)
 .DoubleExceptionVector.text
                0x00000000400803c0        0xf /Users/gideon/Documents/GitHub/Digital-Electronics/i2c/build/freertos/libfreertos.a(xtensa_vectors.o)
                0x00000000400803c0                _DoubleExceptionVector
                0x0000000000000400                . = 0x400
 *fill*         0x00000000400803cf       0x31 
 *(.*Vector.literal)
 *(.UserEnter.literal)
 *(.UserEnter.text)
                0x0000000040080400                . = ALIGN (0x10)
 *(.entry.text)
 *(.init.literal)
 *(.init)
                0x0000000040080400                _init_end = ABSOLUTE (.)
                0x0000000000000000                _iram_start = 0x0

.iram0.text     0x0000000040080400     0xa06c
                0x0000000040080400                _iram_text_start = ABSOLUTE (.)
 *(.iram1 .iram1.*)
 .iram1.literal
                0x0000000040080400       0xa8 /Users/gideon/Documents/GitHub/Digital-Electronics/i2c/build/esp32/libesp32.a(cpu_start.o)
                                        0x1c4 (size before relaxing)
 .iram1.literal
                0x00000000400804a8       0x1c /Users/gideon/Documents/GitHub/Digital-Electronics/i2c/build/esp32/libesp32.a(crosscore_int.o)
                                         0x40 (size before relaxing)
 .iram1.literal
                0x00000000400804c4       0x38 /Users/gideon/Documents/GitHub/Digital-Electronics/i2c/build/esp32/libesp32.a(dport_access.o)
                                         0x88 (size before relaxing)
 .iram1.literal
                0x00000000400804fc       0x28 /Users/gideon/Documents/GitHub/Digital-Electronics/i2c/build/esp32/libesp32.a(esp_timer.o)
                                         0x60 (size before relaxing)
 .iram1.literal
                0x0000000040080524       0x60 /Users/gideon/Documents/GitHub/Digital-Electronics/i2c/build/esp32/libesp32.a(esp_timer_esp32.o)
                                         0xf8 (size before relaxing)
 .iram1.literal
                0x0000000040080584        0xc /Users/gideon/Documents/GitHub/Digital-Electronics/i2c/build/esp32/libesp32.a(int_wdt.o)
 .iram1.literal
                0x0000000040080590       0x20 /Users/gideon/Documents/GitHub/Digital-Electronics/i2c/build/esp32/libesp32.a(intr_alloc.o)
                                         0x7c (size before relaxing)
 .iram1.literal
                0x00000000400805b0       0x20 /Users/gideon/Documents/GitHub/Digital-Electronics/i2c/build/esp32/libesp32.a(ipc.o)
                                         0x34 (size before relaxing)
 .iram1.literal
                0x00000000400805d0       0x60 /Users/gideon/Documents/GitHub/Digital-Electronics/i2c/build/esp32/libesp32.a(system_api.o)
                                         0xc0 (size before relaxing)
 .iram1.literal
                0x0000000040080630       0x10 /Users/gideon/Documents/GitHub/Digital-Electronics/i2c/build/esp32/libesp32.a(dport_panic_highint_hdl.o)
                                         0x28 (size before relaxing)
 .iram1.literal
                0x0000000040080640        0xc /Users/gideon/Documents/GitHub/Digital-Electronics/i2c/build/esp32/libesp32.a(cache_err_int.o)
                                         0x18 (size before relaxing)
 .iram1.literal
                0x000000004008064c        0xc /Users/gideon/Documents/GitHub/Digital-Electronics/i2c/build/esp32/libesp32.a(clk.o)
                                         0x18 (size before relaxing)
 .iram1.literal
                0x0000000040080658        0x4 /Users/gideon/Documents/GitHub/Digital-Electronics/i2c/build/esp32/libesp32.a(freertos_hooks.o)
 .iram1.literal
                0x000000004008065c        0x4 /Users/gideon/Documents/GitHub/Digital-Electronics/i2c/build/freertos/libfreertos.a(port.o)
 .iram1.literal
                0x0000000040080660       0x44 /Users/gideon/Documents/GitHub/Digital-Electronics/i2c/build/freertos/libfreertos.a(xtensa_vectors.o)
                                         0x68 (size before relaxing)
 .iram1.literal
                0x00000000400806a4       0x58 /Users/gideon/Documents/GitHub/Digital-Electronics/i2c/build/heap/libheap.a(heap_caps.o)
                                         0xb0 (size before relaxing)
 .iram1.literal
                0x00000000400806fc       0x24 /Users/gideon/Documents/GitHub/Digital-Electronics/i2c/build/log/liblog.a(log.o)
                                         0x48 (size before relaxing)
 .iram1.literal
                0x0000000040080720       0x14 /Users/gideon/Documents/GitHub/Digital-Electronics/i2c/build/newlib/libnewlib.a(locks.o)
                                         0x90 (size before relaxing)
 .iram1.literal
                0x0000000040080734        0x8 /Users/gideon/Documents/GitHub/Digital-Electronics/i2c/build/newlib/libnewlib.a(reent_init.o)
                                         0x10 (size before relaxing)
 .iram1.literal
                0x000000004008073c        0x4 /Users/gideon/Documents/GitHub/Digital-Electronics/i2c/build/newlib/libnewlib.a(syscalls.o)
                                         0x14 (size before relaxing)
 .iram1.literal
                0x0000000040080740        0x4 /Users/gideon/Documents/GitHub/Digital-Electronics/i2c/build/newlib/libnewlib.a(time.o)
                                         0x1c (size before relaxing)
 .iram1.literal
                0x0000000040080744       0x1c /Users/gideon/Documents/GitHub/Digital-Electronics/i2c/build/soc/libsoc.a(cpu_util.o)
                                         0x30 (size before relaxing)
 .iram1.literal
                0x0000000040080760       0x50 /Users/gideon/Documents/GitHub/Digital-Electronics/i2c/build/spi_flash/libspi_flash.a(cache_utils.o)
                                        0x120 (size before relaxing)
 .iram1.literal
                0x00000000400807b0       0x38 /Users/gideon/Documents/GitHub/Digital-Electronics/i2c/build/spi_flash/libspi_flash.a(flash_ops.o)
                                         0xe4 (size before relaxing)
 .iram1.literal
                0x00000000400807e8       0x4c /Users/gideon/Documents/GitHub/Digital-Electronics/i2c/build/spi_flash/libspi_flash.a(flash_mmap.o)
                                        0x11c (size before relaxing)
 .iram1.literal
                0x0000000040080834       0x38 /Users/gideon/Documents/GitHub/Digital-Electronics/i2c/build/driver/libdriver.a(i2c.o)
                                         0xb8 (size before relaxing)
 .literal.pxPortInitialiseStack
                0x000000004008086c       0x10 /Users/gideon/Documents/GitHub/Digital-Electronics/i2c/build/freertos/libfreertos.a(port.o)
                                         0x18 (size before relaxing)
 .literal.xPortStartScheduler
                0x000000004008087c        0x0 /Users/gideon/Documents/GitHub/Digital-Electronics/i2c/build/freertos/libfreertos.a(port.o)
                                         0x14 (size before relaxing)
 .literal.xPortSysTickHandler
                0x000000004008087c        0x0 /Users/gideon/Documents/GitHub/Digital-Electronics/i2c/build/freertos/libfreertos.a(port.o)
                                          0x8 (size before relaxing)
 .literal.vPortYieldOtherCore
                0x000000004008087c        0x0 /Users/gideon/Documents/GitHub/Digital-Electronics/i2c/build/freertos/libfreertos.a(port.o)
                                          0x4 (size before relaxing)
 .literal.vPortReleaseTaskMPUSettings
                0x000000004008087c        0x0 /Users/gideon/Documents/GitHub/Digital-Electronics/i2c/build/freertos/libfreertos.a(port.o)
                                          0x4 (size before relaxing)
 .literal.xPortInIsrContext
                0x000000004008087c        0x0 /Users/gideon/Documents/GitHub/Digital-Electronics/i2c/build/freertos/libfreertos.a(port.o)
                                          0x8 (size before relaxing)
 .literal.vPortCPUInitializeMutex
                0x000000004008087c        0x4 /Users/gideon/Documents/GitHub/Digital-Electronics/i2c/build/freertos/libfreertos.a(port.o)
 .literal.vPortCPUAcquireMutex
                0x0000000040080880       0x1c /Users/gideon/Documents/GitHub/Digital-Electronics/i2c/build/freertos/libfreertos.a(port.o)
                                         0x30 (size before relaxing)
 .literal.vPortCPUReleaseMutex
                0x000000004008089c        0xc /Users/gideon/Documents/GitHub/Digital-Electronics/i2c/build/freertos/libfreertos.a(port.o)
                                         0x20 (size before relaxing)
 .literal.prvIsQueueFull
                0x00000000400808a8        0x0 /Users/gideon/Documents/GitHub/Digital-Electronics/i2c/build/freertos/libfreertos.a(queue.o)
                                          0x8 (size before relaxing)
 .literal.prvCopyDataToQueue
                0x00000000400808a8        0x0 /Users/gideon/Documents/GitHub/Digital-Electronics/i2c/build/freertos/libfreertos.a(queue.o)
                                          0xc (size before relaxing)
 .literal.prvNotifyQueueSetContainer
                0x00000000400808a8       0x14 /Users/gideon/Documents/GitHub/Digital-Electronics/i2c/build/freertos/libfreertos.a(queue.o)
                                         0x34 (size before relaxing)
 .literal.prvCopyDataFromQueue
                0x00000000400808bc        0x0 /Users/gideon/Documents/GitHub/Digital-Electronics/i2c/build/freertos/libfreertos.a(queue.o)
                                          0x4 (size before relaxing)
 .literal.xQueueGenericReset
                0x00000000400808bc        0x4 /Users/gideon/Documents/GitHub/Digital-Electronics/i2c/build/freertos/libfreertos.a(queue.o)
                                         0x30 (size before relaxing)
 .literal.prvInitialiseNewQueue
                0x00000000400808c0        0x0 /Users/gideon/Documents/GitHub/Digital-Electronics/i2c/build/freertos/libfreertos.a(queue.o)
                                          0x4 (size before relaxing)
 .literal.xQueueGenericCreate
                0x00000000400808c0        0x4 /Users/gideon/Documents/GitHub/Digital-Electronics/i2c/build/freertos/libfreertos.a(queue.o)
                                         0x1c (size before relaxing)
 .literal.xQueueGetMutexHolder
                0x00000000400808c4        0x0 /Users/gideon/Documents/GitHub/Digital-Electronics/i2c/build/freertos/libfreertos.a(queue.o)
                                          0x8 (size before relaxing)
 .literal.xQueueCreateCountingSemaphore
                0x00000000400808c4        0x4 /Users/gideon/Documents/GitHub/Digital-Electronics/i2c/build/freertos/libfreertos.a(queue.o)
                                         0x28 (size before relaxing)
 .literal.xQueueGenericSend
                0x00000000400808c8        0x4 /Users/gideon/Documents/GitHub/Digital-Electronics/i2c/build/freertos/libfreertos.a(queue.o)
                                         0x7c (size before relaxing)
 .literal.prvInitialiseMutex
                0x00000000400808cc        0x0 /Users/gideon/Documents/GitHub/Digital-Electronics/i2c/build/freertos/libfreertos.a(queue.o)
                                          0x8 (size before relaxing)
 .literal.xQueueCreateMutex
                0x00000000400808cc        0x0 /Users/gideon/Documents/GitHub/Digital-Electronics/i2c/build/freertos/libfreertos.a(queue.o)
                                          0x8 (size before relaxing)
 .literal.xQueueGiveMutexRecursive
                0x00000000400808cc        0x4 /Users/gideon/Documents/GitHub/Digital-Electronics/i2c/build/freertos/libfreertos.a(queue.o)
                                         0x1c (size before relaxing)
 .literal.xQueueGenericSendFromISR
                0x00000000400808d0        0x4 /Users/gideon/Documents/GitHub/Digital-Electronics/i2c/build/freertos/libfreertos.a(queue.o)
                                         0x3c (size before relaxing)
 .literal.xQueueGiveFromISR
                0x00000000400808d4        0x4 /Users/gideon/Documents/GitHub/Digital-Electronics/i2c/build/freertos/libfreertos.a(queue.o)
                                         0x30 (size before relaxing)
 .literal.xQueueGenericReceive
                0x00000000400808d8        0x4 /Users/gideon/Documents/GitHub/Digital-Electronics/i2c/build/freertos/libfreertos.a(queue.o)
                                         0x78 (size before relaxing)
 .literal.xQueueTakeMutexRecursive
                0x00000000400808dc        0x4 /Users/gideon/Documents/GitHub/Digital-Electronics/i2c/build/freertos/libfreertos.a(queue.o)
                                         0x1c (size before relaxing)
 .literal.xQueueReceiveFromISR
                0x00000000400808e0        0x4 /Users/gideon/Documents/GitHub/Digital-Electronics/i2c/build/freertos/libfreertos.a(queue.o)
                                         0x30 (size before relaxing)
 .literal.vQueueDelete
                0x00000000400808e4        0x4 /Users/gideon/Documents/GitHub/Digital-Electronics/i2c/build/freertos/libfreertos.a(queue.o)
                                         0x18 (size before relaxing)
 .literal.vQueueWaitForMessageRestricted
                0x00000000400808e8        0x0 /Users/gideon/Documents/GitHub/Digital-Electronics/i2c/build/freertos/libfreertos.a(queue.o)
                                          0xc (size before relaxing)
 .literal.prvResetNextTaskUnblockTime
                0x00000000400808e8        0x8 /Users/gideon/Documents/GitHub/Digital-Electronics/i2c/build/freertos/libfreertos.a(tasks.o)
 .literal.prvDeleteTLS
                0x00000000400808f0       0x10 /Users/gideon/Documents/GitHub/Digital-Electronics/i2c/build/freertos/libfreertos.a(tasks.o)
                                         0x18 (size before relaxing)
 .literal.prvInitialiseNewTask
                0x0000000040080900        0x0 /Users/gideon/Documents/GitHub/Digital-Electronics/i2c/build/freertos/libfreertos.a(tasks.o)
                                         0x18 (size before relaxing)
 .literal.prvInitialiseTaskLists
                0x0000000040080900       0x20 /Users/gideon/Documents/GitHub/Digital-Electronics/i2c/build/freertos/libfreertos.a(tasks.o)
                                         0x40 (size before relaxing)
 .literal.prvDeleteTCB
                0x0000000040080920        0x8 /Users/gideon/Documents/GitHub/Digital-Electronics/i2c/build/freertos/libfreertos.a(tasks.o)
                                         0x2c (size before relaxing)
 .literal.prvAddCurrentTaskToDelayedList
                0x0000000040080928        0x4 /Users/gideon/Documents/GitHub/Digital-Electronics/i2c/build/freertos/libfreertos.a(tasks.o)
                                         0x1c (size before relaxing)
 .literal.taskYIELD_OTHER_CORE
                0x000000004008092c        0x0 /Users/gideon/Documents/GitHub/Digital-Electronics/i2c/build/freertos/libfreertos.a(tasks.o)
                                         0x10 (size before relaxing)
 .literal.vTaskSuspendAll
                0x000000004008092c        0x4 /Users/gideon/Documents/GitHub/Digital-Electronics/i2c/build/freertos/libfreertos.a(tasks.o)
                                          0x8 (size before relaxing)
 .literal.xTaskGetIdleTaskHandleForCPU
                0x0000000040080930        0xc /Users/gideon/Documents/GitHub/Digital-Electronics/i2c/build/freertos/libfreertos.a(tasks.o)
                                         0x1c (size before relaxing)
 .literal.vTaskSwitchContext
                0x000000004008093c       0x18 /Users/gideon/Documents/GitHub/Digital-Electronics/i2c/build/freertos/libfreertos.a(tasks.o)
                                         0x3c (size before relaxing)
 .literal.vTaskSetTimeOutState
                0x0000000040080954        0xc /Users/gideon/Documents/GitHub/Digital-Electronics/i2c/build/freertos/libfreertos.a(tasks.o)
                                         0x20 (size before relaxing)
 .literal.xTaskGetCurrentTaskHandle
                0x0000000040080960        0x0 /Users/gideon/Documents/GitHub/Digital-Electronics/i2c/build/freertos/libfreertos.a(tasks.o)
                                          0x8 (size before relaxing)
 .literal.__getreent
                0x0000000040080960        0x0 /Users/gideon/Documents/GitHub/Digital-Electronics/i2c/build/freertos/libfreertos.a(tasks.o)
                                          0x8 (size before relaxing)
 .literal.pcTaskGetTaskName
                0x0000000040080960        0x8 /Users/gideon/Documents/GitHub/Digital-Electronics/i2c/build/freertos/libfreertos.a(tasks.o)
                                         0x1c (size before relaxing)
 .literal.xTaskGetAffinity
                0x0000000040080968        0x0 /Users/gideon/Documents/GitHub/Digital-Electronics/i2c/build/freertos/libfreertos.a(tasks.o)
                                          0x4 (size before relaxing)
 .literal.xTaskGetCurrentTaskHandleForCPU
                0x0000000040080968        0x0 /Users/gideon/Documents/GitHub/Digital-Electronics/i2c/build/freertos/libfreertos.a(tasks.o)
                                          0x4 (size before relaxing)
 .literal.xTaskGetSchedulerState
                0x0000000040080968        0x4 /Users/gideon/Documents/GitHub/Digital-Electronics/i2c/build/freertos/libfreertos.a(tasks.o)
                                          0xc (size before relaxing)
 .literal.vTaskEnterCritical
                0x000000004008096c       0x14 /Users/gideon/Documents/GitHub/Digital-Electronics/i2c/build/freertos/libfreertos.a(tasks.o)
                                         0x34 (size before relaxing)
 .literal.vTaskExitCritical
                0x0000000040080980        0xc /Users/gideon/Documents/GitHub/Digital-Electronics/i2c/build/freertos/libfreertos.a(tasks.o)
                                         0x28 (size before relaxing)
 .literal.prvAddNewTaskToReadyList
                0x000000004008098c       0x10 /Users/gideon/Documents/GitHub/Digital-Electronics/i2c/build/freertos/libfreertos.a(tasks.o)
                                         0x58 (size before relaxing)
 .literal.xTaskCreatePinnedToCore
                0x000000004008099c        0x0 /Users/gideon/Documents/GitHub/Digital-Electronics/i2c/build/freertos/libfreertos.a(tasks.o)
                                         0x18 (size before relaxing)
 .literal.vTaskStartScheduler
                0x000000004008099c       0x10 /Users/gideon/Documents/GitHub/Digital-Electronics/i2c/build/freertos/libfreertos.a(tasks.o)
                                         0x38 (size before relaxing)
 .literal.vTaskDelete
                0x00000000400809ac        0x8 /Users/gideon/Documents/GitHub/Digital-Electronics/i2c/build/freertos/libfreertos.a(tasks.o)
                                         0x60 (size before relaxing)
 .literal.vTaskDelay
                0x00000000400809b4        0x4 /Users/gideon/Documents/GitHub/Digital-Electronics/i2c/build/freertos/libfreertos.a(tasks.o)
                                         0x38 (size before relaxing)
 .literal.uxTaskPriorityGet
                0x00000000400809b8        0x0 /Users/gideon/Documents/GitHub/Digital-Electronics/i2c/build/freertos/libfreertos.a(tasks.o)
                                         0x10 (size before relaxing)
 .literal.vTaskPrioritySet
                0x00000000400809b8        0x4 /Users/gideon/Documents/GitHub/Digital-Electronics/i2c/build/freertos/libfreertos.a(tasks.o)
                                         0x44 (size before relaxing)
 .literal.prvCheckTasksWaitingTermination
                0x00000000400809bc        0x8 /Users/gideon/Documents/GitHub/Digital-Electronics/i2c/build/freertos/libfreertos.a(tasks.o)
                                         0x30 (size before relaxing)
 .literal.prvIdleTask
                0x00000000400809c4        0x0 /Users/gideon/Documents/GitHub/Digital-Electronics/i2c/build/freertos/libfreertos.a(tasks.o)
                                          0xc (size before relaxing)
 .literal.xTaskGetTickCount
                0x00000000400809c4        0x4 /Users/gideon/Documents/GitHub/Digital-Electronics/i2c/build/freertos/libfreertos.a(tasks.o)
                                         0x10 (size before relaxing)
 .literal.xTaskIncrementTick
                0x00000000400809c8        0xc /Users/gideon/Documents/GitHub/Digital-Electronics/i2c/build/freertos/libfreertos.a(tasks.o)
                                         0x78 (size before relaxing)
 .literal.xTaskResumeAll
                0x00000000400809d4        0x8 /Users/gideon/Documents/GitHub/Digital-Electronics/i2c/build/freertos/libfreertos.a(tasks.o)
                                         0x5c (size before relaxing)
 .literal.vTaskPlaceOnEventList
                0x00000000400809dc        0x8 /Users/gideon/Documents/GitHub/Digital-Electronics/i2c/build/freertos/libfreertos.a(tasks.o)
                                         0x40 (size before relaxing)
 .literal.vTaskPlaceOnEventListRestricted
                0x00000000400809e4        0x8 /Users/gideon/Documents/GitHub/Digital-Electronics/i2c/build/freertos/libfreertos.a(tasks.o)
                                         0x38 (size before relaxing)
 .literal.xTaskRemoveFromEventList
                0x00000000400809ec        0x8 /Users/gideon/Documents/GitHub/Digital-Electronics/i2c/build/freertos/libfreertos.a(tasks.o)
                                         0x58 (size before relaxing)
 .literal.xTaskCheckForTimeOut
                0x00000000400809f4        0xc /Users/gideon/Documents/GitHub/Digital-Electronics/i2c/build/freertos/libfreertos.a(tasks.o)
                                         0x3c (size before relaxing)
 .literal.vTaskPriorityInherit
                0x0000000040080a00        0x0 /Users/gideon/Documents/GitHub/Digital-Electronics/i2c/build/freertos/libfreertos.a(tasks.o)
                                         0x2c (size before relaxing)
 .literal.xTaskPriorityDisinherit
                0x0000000040080a00        0x8 /Users/gideon/Documents/GitHub/Digital-Electronics/i2c/build/freertos/libfreertos.a(tasks.o)
                                         0x40 (size before relaxing)
 .literal.pvTaskIncrementMutexHeldCount
                0x0000000040080a08        0x0 /Users/gideon/Documents/GitHub/Digital-Electronics/i2c/build/freertos/libfreertos.a(tasks.o)
                                         0x10 (size before relaxing)
 .literal.prvGetNextExpireTime
                0x0000000040080a08        0x4 /Users/gideon/Documents/GitHub/Digital-Electronics/i2c/build/freertos/libfreertos.a(timers.o)
 .literal.prvInsertTimerInActiveList
                0x0000000040080a0c        0x4 /Users/gideon/Documents/GitHub/Digital-Electronics/i2c/build/freertos/libfreertos.a(timers.o)
                                         0x10 (size before relaxing)
 .literal.prvCheckForValidListAndQueue
                0x0000000040080a10       0x1c /Users/gideon/Documents/GitHub/Digital-Electronics/i2c/build/freertos/libfreertos.a(timers.o)
                                         0x44 (size before relaxing)
 .literal.xTimerCreateTimerTask
                0x0000000040080a2c        0xc /Users/gideon/Documents/GitHub/Digital-Electronics/i2c/build/freertos/libfreertos.a(timers.o)
                                         0x2c (size before relaxing)
 .literal.xTimerGenericCommand
                0x0000000040080a38        0x0 /Users/gideon/Documents/GitHub/Digital-Electronics/i2c/build/freertos/libfreertos.a(timers.o)
                                         0x14 (size before relaxing)
 .literal.prvSwitchTimerLists
                0x0000000040080a38        0x4 /Users/gideon/Documents/GitHub/Digital-Electronics/i2c/build/freertos/libfreertos.a(timers.o)
                                         0x28 (size before relaxing)
 .literal.prvSampleTimeNow
                0x0000000040080a3c        0x4 /Users/gideon/Documents/GitHub/Digital-Electronics/i2c/build/freertos/libfreertos.a(timers.o)
                                          0xc (size before relaxing)
 .literal.prvProcessExpiredTimer
                0x0000000040080a40        0x4 /Users/gideon/Documents/GitHub/Digital-Electronics/i2c/build/freertos/libfreertos.a(timers.o)
                                         0x24 (size before relaxing)
 .literal.prvProcessTimerOrBlockTask
                0x0000000040080a44        0x0 /Users/gideon/Documents/GitHub/Digital-Electronics/i2c/build/freertos/libfreertos.a(timers.o)
                                         0x24 (size before relaxing)
 .literal.prvProcessReceivedCommands
                0x0000000040080a44        0x8 /Users/gideon/Documents/GitHub/Digital-Electronics/i2c/build/freertos/libfreertos.a(timers.o)
                                         0x40 (size before relaxing)
 .literal.prvTimerTask
                0x0000000040080a4c        0x0 /Users/gideon/Documents/GitHub/Digital-Electronics/i2c/build/freertos/libfreertos.a(timers.o)
                                          0xc (size before relaxing)
 .literal._xt_tick_divisor_init
                0x0000000040080a4c        0x8 /Users/gideon/Documents/GitHub/Digital-Electronics/i2c/build/freertos/libfreertos.a(xtensa_init.o)
                                          0xc (size before relaxing)
 .literal.xt_unhandled_interrupt
                0x0000000040080a54        0x4 /Users/gideon/Documents/GitHub/Digital-Electronics/i2c/build/freertos/libfreertos.a(xtensa_intr.o)
                                          0x8 (size before relaxing)
 .literal.xt_set_interrupt_handler
                0x0000000040080a58        0x8 /Users/gideon/Documents/GitHub/Digital-Electronics/i2c/build/freertos/libfreertos.a(xtensa_intr.o)
                                          0xc (size before relaxing)
 .literal       0x0000000040080a60        0xc /Users/gideon/Documents/GitHub/Digital-Electronics/i2c/build/freertos/libfreertos.a(portasm.o)
                                         0x54 (size before relaxing)
 .literal       0x0000000040080a6c        0x0 /Users/gideon/Documents/GitHub/Digital-Electronics/i2c/build/freertos/libfreertos.a(xtensa_context.o)
                                         0x10 (size before relaxing)
 .literal.prvReturnItemByteBuf
                0x0000000040080a6c        0xc /Users/gideon/Documents/GitHub/Digital-Electronics/i2c/build/freertos/libfreertos.a(ringbuf.o)
                                         0x1c (size before relaxing)
 .literal.prvGetItemByteBuf
                0x0000000040080a78        0x4 /Users/gideon/Documents/GitHub/Digital-Electronics/i2c/build/freertos/libfreertos.a(ringbuf.o)
                                         0x24 (size before relaxing)
 .literal.prvCheckItemFitsByteBuffer
                0x0000000040080a7c        0x4 /Users/gideon/Documents/GitHub/Digital-Electronics/i2c/build/freertos/libfreertos.a(ringbuf.o)
                                         0x14 (size before relaxing)
 .literal.prvReturnItemDefault
                0x0000000040080a80        0x4 /Users/gideon/Documents/GitHub/Digital-Electronics/i2c/build/freertos/libfreertos.a(ringbuf.o)
                                         0x44 (size before relaxing)
 .literal.prvGetItemDefault
                0x0000000040080a84        0x4 /Users/gideon/Documents/GitHub/Digital-Electronics/i2c/build/freertos/libfreertos.a(ringbuf.o)
                                         0x4c (size before relaxing)
 .literal.prvCheckItemFitsDefault
                0x0000000040080a88        0x4 /Users/gideon/Documents/GitHub/Digital-Electronics/i2c/build/freertos/libfreertos.a(ringbuf.o)
                                         0x1c (size before relaxing)
 .literal.prvGetFreeSize
                0x0000000040080a8c        0x4 /Users/gideon/Documents/GitHub/Digital-Electronics/i2c/build/freertos/libfreertos.a(ringbuf.o)
                                         0x14 (size before relaxing)
 .literal.prvCopyItemByteBuf
                0x0000000040080a90        0x4 /Users/gideon/Documents/GitHub/Digital-Electronics/i2c/build/freertos/libfreertos.a(ringbuf.o)
                                         0x1c (size before relaxing)
 .literal.prvCopyItemAllowSplit
                0x0000000040080a94        0x4 /Users/gideon/Documents/GitHub/Digital-Electronics/i2c/build/freertos/libfreertos.a(ringbuf.o)
                                         0x2c (size before relaxing)
 .literal.prvCopyItemNoSplit
                0x0000000040080a98        0x4 /Users/gideon/Documents/GitHub/Digital-Electronics/i2c/build/freertos/libfreertos.a(ringbuf.o)
                                         0x28 (size before relaxing)
 .literal.prvReceiveGeneric
                0x0000000040080a9c        0x4 /Users/gideon/Documents/GitHub/Digital-Electronics/i2c/build/freertos/libfreertos.a(ringbuf.o)
                                         0x3c (size before relaxing)
 .literal.prvReceiveGenericFromISR
                0x0000000040080aa0        0x4 /Users/gideon/Documents/GitHub/Digital-Electronics/i2c/build/freertos/libfreertos.a(ringbuf.o)
                                         0x2c (size before relaxing)
 .literal.xRingbufferCreate
                0x0000000040080aa4       0x38 /Users/gideon/Documents/GitHub/Digital-Electronics/i2c/build/freertos/libfreertos.a(ringbuf.o)
                                         0x6c (size before relaxing)
 .literal.xRingbufferSend
                0x0000000040080adc        0x4 /Users/gideon/Documents/GitHub/Digital-Electronics/i2c/build/freertos/libfreertos.a(ringbuf.o)
                                         0x40 (size before relaxing)
 .literal.xRingbufferSendFromISR
                0x0000000040080ae0        0x4 /Users/gideon/Documents/GitHub/Digital-Electronics/i2c/build/freertos/libfreertos.a(ringbuf.o)
                                         0x30 (size before relaxing)
 .literal.xRingbufferReceiveUpTo
                0x0000000040080ae4        0x4 /Users/gideon/Documents/GitHub/Digital-Electronics/i2c/build/freertos/libfreertos.a(ringbuf.o)
                                         0x20 (size before relaxing)
 .literal.xRingbufferReceiveUpToFromISR
                0x0000000040080ae8        0x4 /Users/gideon/Documents/GitHub/Digital-Electronics/i2c/build/freertos/libfreertos.a(ringbuf.o)
                                         0x20 (size before relaxing)
 .literal.vRingbufferReturnItem
                0x0000000040080aec        0x4 /Users/gideon/Documents/GitHub/Digital-Electronics/i2c/build/freertos/libfreertos.a(ringbuf.o)
                                         0x28 (size before relaxing)
 .literal.vRingbufferReturnItemFromISR
                0x0000000040080af0        0x4 /Users/gideon/Documents/GitHub/Digital-Electronics/i2c/build/freertos/libfreertos.a(ringbuf.o)
                                         0x28 (size before relaxing)
 .literal.vRingbufferDelete
                0x0000000040080af4        0x4 /Users/gideon/Documents/GitHub/Digital-Electronics/i2c/build/freertos/libfreertos.a(ringbuf.o)
                                         0x24 (size before relaxing)
 .literal.get_prev_free_block
                0x0000000040080af8       0x10 /Users/gideon/Documents/GitHub/Digital-Electronics/i2c/build/heap/libheap.a(multi_heap.o)
                                         0x28 (size before relaxing)
 .literal.split_if_necessary
                0x0000000040080b08       0x10 /Users/gideon/Documents/GitHub/Digital-Electronics/i2c/build/heap/libheap.a(multi_heap.o)
                                         0x50 (size before relaxing)
 .literal.assert_valid_block
                0x0000000040080b18        0x0 /Users/gideon/Documents/GitHub/Digital-Electronics/i2c/build/heap/libheap.a(multi_heap.o)
                                         0x2c (size before relaxing)
 .literal.merge_adjacent
                0x0000000040080b18        0x8 /Users/gideon/Documents/GitHub/Digital-Electronics/i2c/build/heap/libheap.a(multi_heap.o)
                                         0x4c (size before relaxing)
 .literal.multi_heap_get_allocated_size_impl
                0x0000000040080b20        0x0 /Users/gideon/Documents/GitHub/Digital-Electronics/i2c/build/heap/libheap.a(multi_heap.o)
                                         0x10 (size before relaxing)
 .literal.multi_heap_malloc_impl
                0x0000000040080b20        0x0 /Users/gideon/Documents/GitHub/Digital-Electronics/i2c/build/heap/libheap.a(multi_heap.o)
                                         0x28 (size before relaxing)
 .literal.multi_heap_free_impl
                0x0000000040080b20        0x0 /Users/gideon/Documents/GitHub/Digital-Electronics/i2c/build/heap/libheap.a(multi_heap.o)
                                         0x50 (size before relaxing)
 .literal.multi_heap_realloc_impl
                0x0000000040080b20        0x8 /Users/gideon/Documents/GitHub/Digital-Electronics/i2c/build/heap/libheap.a(multi_heap.o)
                                         0x68 (size before relaxing)
 .literal.panicPutChar
                0x0000000040080b28        0x8 /Users/gideon/Documents/GitHub/Digital-Electronics/i2c/build/esp32/libesp32.a(panic.o)
 .literal.panicPutStr
                0x0000000040080b30        0x0 /Users/gideon/Documents/GitHub/Digital-Electronics/i2c/build/esp32/libesp32.a(panic.o)
                                          0x4 (size before relaxing)
 .literal.panicPutHex
                0x0000000040080b30        0x0 /Users/gideon/Documents/GitHub/Digital-Electronics/i2c/build/esp32/libesp32.a(panic.o)
                                          0x8 (size before relaxing)
 .literal.panicPutDec
                0x0000000040080b30        0x4 /Users/gideon/Documents/GitHub/Digital-Electronics/i2c/build/esp32/libesp32.a(panic.o)
                                         0x10 (size before relaxing)
 .literal.reconfigureAllWdts
                0x0000000040080b34       0x10 /Users/gideon/Documents/GitHub/Digital-Electronics/i2c/build/esp32/libesp32.a(panic.o)
                                         0x24 (size before relaxing)
 .literal.putEntry
                0x0000000040080b44       0x10 /Users/gideon/Documents/GitHub/Digital-Electronics/i2c/build/esp32/libesp32.a(panic.o)
                                         0x20 (size before relaxing)
 .literal.doBacktrace
                0x0000000040080b54       0x10 /Users/gideon/Documents/GitHub/Digital-Electronics/i2c/build/esp32/libesp32.a(panic.o)
                                         0x24 (size before relaxing)
 .literal.invoke_abort
                0x0000000040080b64        0x4 /Users/gideon/Documents/GitHub/Digital-Electronics/i2c/build/esp32/libesp32.a(panic.o)
                                          0x8 (size before relaxing)
 .literal.haltOtherCore
                0x0000000040080b68        0x0 /Users/gideon/Documents/GitHub/Digital-Electronics/i2c/build/esp32/libesp32.a(panic.o)
                                          0x4 (size before relaxing)
 .literal.esp_panic_wdt_start
                0x0000000040080b68       0x14 /Users/gideon/Documents/GitHub/Digital-Electronics/i2c/build/esp32/libesp32.a(panic.o)
                                         0x2c (size before relaxing)
 .literal.commonErrorHandler_dump
                0x0000000040080b7c       0x30 /Users/gideon/Documents/GitHub/Digital-Electronics/i2c/build/esp32/libesp32.a(panic.o)
                                         0x90 (size before relaxing)
 .literal.esp_panic_dig_reset
                0x0000000040080bac        0x0 /Users/gideon/Documents/GitHub/Digital-Electronics/i2c/build/esp32/libesp32.a(panic.o)
                                         0x14 (size before relaxing)
 .literal.abort
                0x0000000040080bac        0x8 /Users/gideon/Documents/GitHub/Digital-Electronics/i2c/build/esp32/libesp32.a(panic.o)
                                         0x10 (size before relaxing)
 .literal.vApplicationStackOverflowHook
                0x0000000040080bb4        0x8 /Users/gideon/Documents/GitHub/Digital-Electronics/i2c/build/esp32/libesp32.a(panic.o)
                                         0x18 (size before relaxing)
 .literal.esp_panic_wdt_stop
                0x0000000040080bbc        0x0 /Users/gideon/Documents/GitHub/Digital-Electronics/i2c/build/esp32/libesp32.a(panic.o)
                                         0x18 (size before relaxing)
 .literal.commonErrorHandler
                0x0000000040080bbc        0x4 /Users/gideon/Documents/GitHub/Digital-Electronics/i2c/build/esp32/libesp32.a(panic.o)
                                         0x28 (size before relaxing)
 .literal.panicHandler
                0x0000000040080bc0       0x34 /Users/gideon/Documents/GitHub/Digital-Electronics/i2c/build/esp32/libesp32.a(panic.o)
                                         0xa4 (size before relaxing)
 .literal.xt_unhandled_exception
                0x0000000040080bf4       0x18 /Users/gideon/Documents/GitHub/Digital-Electronics/i2c/build/esp32/libesp32.a(panic.o)
                                         0x60 (size before relaxing)
 .literal._esp_error_check_failed
                0x0000000040080c0c       0x14 /Users/gideon/Documents/GitHub/Digital-Electronics/i2c/build/esp32/libesp32.a(panic.o)
                                         0x30 (size before relaxing)
 .literal.rtc_clk_32k_enable_internal
                0x0000000040080c20       0x14 /Users/gideon/Documents/GitHub/Digital-Electronics/i2c/build/soc/libsoc.a(rtc_clk.o)
 .literal.rtc_clk_32k_enable
                0x0000000040080c34        0x4 /Users/gideon/Documents/GitHub/Digital-Electronics/i2c/build/soc/libsoc.a(rtc_clk.o)
                                          0xc (size before relaxing)
 .literal.rtc_clk_32k_bootstrap
                0x0000000040080c38        0xc /Users/gideon/Documents/GitHub/Digital-Electronics/i2c/build/soc/libsoc.a(rtc_clk.o)
                                         0x34 (size before relaxing)
 .literal.rtc_clk_slow_freq_set
                0x0000000040080c44        0x4 /Users/gideon/Documents/GitHub/Digital-Electronics/i2c/build/soc/libsoc.a(rtc_clk.o)
                                          0xc (size before relaxing)
 .literal.rtc_clk_slow_freq_get
                0x0000000040080c48        0x0 /Users/gideon/Documents/GitHub/Digital-Electronics/i2c/build/soc/libsoc.a(rtc_clk.o)
                                          0x4 (size before relaxing)
 .literal.rtc_clk_slow_freq_get_hz
                0x0000000040080c48        0xc /Users/gideon/Documents/GitHub/Digital-Electronics/i2c/build/soc/libsoc.a(rtc_clk.o)
                                         0x10 (size before relaxing)
 .literal.rtc_clk_fast_freq_set
                0x0000000040080c54        0x4 /Users/gideon/Documents/GitHub/Digital-Electronics/i2c/build/soc/libsoc.a(rtc_clk.o)
                                          0xc (size before relaxing)
 .literal.rtc_clk_bbpll_set
                0x0000000040080c58        0x8 /Users/gideon/Documents/GitHub/Digital-Electronics/i2c/build/soc/libsoc.a(rtc_clk.o)
                                         0x38 (size before relaxing)
 .literal.rtc_clk_xtal_freq_get
                0x0000000040080c60        0xc /Users/gideon/Documents/GitHub/Digital-Electronics/i2c/build/soc/libsoc.a(rtc_clk.o)
                                         0x1c (size before relaxing)
 .literal.rtc_clk_cpu_freq_get
                0x0000000040080c6c       0x14 /Users/gideon/Documents/GitHub/Digital-Electronics/i2c/build/soc/libsoc.a(rtc_clk.o)
                                         0x2c (size before relaxing)
 .literal.rtc_clk_cpu_freq_value
                0x0000000040080c80       0x1c /Users/gideon/Documents/GitHub/Digital-Electronics/i2c/build/soc/libsoc.a(rtc_clk.o)
                                         0x2c (size before relaxing)
 .literal.rtc_clk_apb_freq_update
                0x0000000040080c9c        0x4 /Users/gideon/Documents/GitHub/Digital-Electronics/i2c/build/soc/libsoc.a(rtc_clk.o)
                                          0x8 (size before relaxing)
 .literal.rtc_clk_cpu_freq_set
                0x0000000040080ca0       0x1c /Users/gideon/Documents/GitHub/Digital-Electronics/i2c/build/soc/libsoc.a(rtc_clk.o)
                                         0x88 (size before relaxing)
 .literal.rtc_clk_apb_freq_get
                0x0000000040080cbc        0x8 /Users/gideon/Documents/GitHub/Digital-Electronics/i2c/build/soc/libsoc.a(rtc_clk.o)
                                         0x14 (size before relaxing)
 .literal.rtc_init
                0x0000000040080cc4       0x80 /Users/gideon/Documents/GitHub/Digital-Electronics/i2c/build/soc/libsoc.a(rtc_init.o)
                                         0xdc (size before relaxing)
 .literal.rtc_clk_cal_internal
                0x0000000040080d44       0x28 /Users/gideon/Documents/GitHub/Digital-Electronics/i2c/build/soc/libsoc.a(rtc_time.o)
                                         0x64 (size before relaxing)
 .literal.rtc_clk_cal
                0x0000000040080d6c        0x0 /Users/gideon/Documents/GitHub/Digital-Electronics/i2c/build/soc/libsoc.a(rtc_time.o)
                                          0xc (size before relaxing)
 .literal.rtc_time_get
                0x0000000040080d6c       0x10 /Users/gideon/Documents/GitHub/Digital-Electronics/i2c/build/soc/libsoc.a(rtc_time.o)
                                         0x18 (size before relaxing)
 .literal.rtc_clk_wait_for_slow_cycle
                0x0000000040080d7c        0x8 /Users/gideon/Documents/GitHub/Digital-Electronics/i2c/build/soc/libsoc.a(rtc_time.o)
                                         0x20 (size before relaxing)
 .literal       0x0000000040080d84        0x0 /Users/gideon/esp/esp-idf/components/esp32/libhal.a(windowspill_asm.o)
                                          0x4 (size before relaxing)
 .literal.esp_rom_spiflash_read_status
                0x0000000040080d84       0x10 /Users/gideon/Documents/GitHub/Digital-Electronics/i2c/build/spi_flash/libspi_flash.a(spi_flash_rom_patch.o)
                                         0x14 (size before relaxing)
 .literal.esp_rom_spiflash_wait_idle
                0x0000000040080d94        0x8 /Users/gideon/Documents/GitHub/Digital-Electronics/i2c/build/spi_flash/libspi_flash.a(spi_flash_rom_patch.o)
                                          0xc (size before relaxing)
 .literal.esp_rom_spiflash_erase_block_internal
                0x0000000040080d9c        0x4 /Users/gideon/Documents/GitHub/Digital-Electronics/i2c/build/spi_flash/libspi_flash.a(spi_flash_rom_patch.o)
                                         0x18 (size before relaxing)
 .literal.esp_rom_spiflash_erase_sector_internal
                0x0000000040080da0        0x0 /Users/gideon/Documents/GitHub/Digital-Electronics/i2c/build/spi_flash/libspi_flash.a(spi_flash_rom_patch.o)
                                         0x18 (size before relaxing)
 .literal.esp_rom_spiflash_read_data
                0x0000000040080da0       0x18 /Users/gideon/Documents/GitHub/Digital-Electronics/i2c/build/spi_flash/libspi_flash.a(spi_flash_rom_patch.o)
                                         0x34 (size before relaxing)
 .literal.esp_rom_spiflash_enable_write
                0x0000000040080db8        0x0 /Users/gideon/Documents/GitHub/Digital-Electronics/i2c/build/spi_flash/libspi_flash.a(spi_flash_rom_patch.o)
                                         0x10 (size before relaxing)
 .literal.esp_rom_spiflash_program_page_internal
                0x0000000040080db8       0x10 /Users/gideon/Documents/GitHub/Digital-Electronics/i2c/build/spi_flash/libspi_flash.a(spi_flash_rom_patch.o)
                                         0x40 (size before relaxing)
 .literal.esp_rom_spiflash_read_statushigh
                0x0000000040080dc8        0x4 /Users/gideon/Documents/GitHub/Digital-Electronics/i2c/build/spi_flash/libspi_flash.a(spi_flash_rom_patch.o)
                                          0xc (size before relaxing)
 .literal.esp_rom_spiflash_write_status
                0x0000000040080dcc        0x4 /Users/gideon/Documents/GitHub/Digital-Electronics/i2c/build/spi_flash/libspi_flash.a(spi_flash_rom_patch.o)
                                         0x14 (size before relaxing)
 .literal.esp_rom_spiflash_unlock
                0x0000000040080dd0        0x8 /Users/gideon/Documents/GitHub/Digital-Electronics/i2c/build/spi_flash/libspi_flash.a(spi_flash_rom_patch.o)
                                         0x28 (size before relaxing)
 .literal.esp_rom_spiflash_erase_block
                0x0000000040080dd8        0xc /Users/gideon/Documents/GitHub/Digital-Electronics/i2c/build/spi_flash/libspi_flash.a(spi_flash_rom_patch.o)
                                         0x20 (size before relaxing)
 .literal.esp_rom_spiflash_erase_sector
                0x0000000040080de4        0x0 /Users/gideon/Documents/GitHub/Digital-Electronics/i2c/build/spi_flash/libspi_flash.a(spi_flash_rom_patch.o)
                                         0x20 (size before relaxing)
 .literal.esp_rom_spiflash_write
                0x0000000040080de4        0x0 /Users/gideon/Documents/GitHub/Digital-Electronics/i2c/build/spi_flash/libspi_flash.a(spi_flash_rom_patch.o)
                                         0x28 (size before relaxing)
 .literal.esp_rom_spiflash_write_encrypted
                0x0000000040080de4        0xc /Users/gideon/Documents/GitHub/Digital-Electronics/i2c/build/spi_flash/libspi_flash.a(spi_flash_rom_patch.o)
                                         0x10 (size before relaxing)
 .literal.esp_rom_spiflash_read
                0x0000000040080df0       0x30 /Users/gideon/Documents/GitHub/Digital-Electronics/i2c/build/spi_flash/libspi_flash.a(spi_flash_rom_patch.o)
                                         0x5c (size before relaxing)
 .literal       0x0000000040080e20       0x10 /Users/gideon/esp/esp-idf/components/newlib/lib/libm.a(lib_a-s_fpclassify.o)
                                         0x18 (size before relaxing)
 .iram1         0x0000000040080e30      0x27e /Users/gideon/Documents/GitHub/Digital-Electronics/i2c/build/esp32/libesp32.a(cpu_start.o)
                                        0x336 (size before relaxing)
                0x0000000040080e30                start_cpu0
                0x0000000040080e30                start_cpu0_default
                0x0000000040080f00                start_cpu1_default
                0x0000000040080f00                start_cpu1
                0x0000000040080f7c                call_start_cpu0
 *fill*         0x00000000400810ae        0x2 
 .iram1         0x00000000400810b0       0xb0 /Users/gideon/Documents/GitHub/Digital-Electronics/i2c/build/esp32/libesp32.a(crosscore_int.o)
                                         0xc0 (size before relaxing)
                0x0000000040081148                esp_crosscore_int_send_yield
                0x0000000040081154                esp_crosscore_int_send_freq_switch
 .iram1         0x0000000040081160      0x1e3 /Users/gideon/Documents/GitHub/Digital-Electronics/i2c/build/esp32/libesp32.a(dport_access.o)
                                        0x1ef (size before relaxing)
                0x0000000040081160                esp_dport_access_stall_other_cpu_start
                0x0000000040081210                esp_dport_access_stall_other_cpu_end
                0x000000004008128c                esp_dport_access_stall_other_cpu_start_wrap
                0x0000000040081294                esp_dport_access_stall_other_cpu_end_wrap
                0x000000004008129c                esp_dport_access_int_pause
                0x00000000400812c0                esp_dport_access_int_abort
                0x00000000400812d4                esp_dport_access_int_resume
                0x00000000400812f8                esp_dport_access_reg_read
                0x0000000040081310                esp_dport_access_sequence_reg_read
                0x000000004008131c                esp_dport_access_read_buffer
 *fill*         0x0000000040081343        0x1 
 .iram1         0x0000000040081344      0x205 /Users/gideon/Documents/GitHub/Digital-Electronics/i2c/build/esp32/libesp32.a(esp_timer.o)
                                        0x219 (size before relaxing)
                0x0000000040081460                esp_timer_stop
                0x0000000040081484                esp_timer_get_next_alarm
                0x00000000400814a4                esp_timer_get_time
                0x00000000400814b4                esp_timer_start_once
                0x00000000400814f8                esp_timer_start_periodic
 *fill*         0x0000000040081549        0x3 
 .iram1         0x000000004008154c      0x4af /Users/gideon/Documents/GitHub/Digital-Electronics/i2c/build/esp32/libesp32.a(esp_timer_esp32.o)
                                        0x4bb (size before relaxing)
                0x0000000040081670                esp_timer_impl_get_time
                0x00000000400817e0                esp_timer_impl_set_alarm
                0x0000000040081928                esp_timer_impl_update_apb_freq
                0x00000000400819f0                esp_timer_impl_get_min_period_us
 *fill*         0x00000000400819fb        0x1 
 .iram1         0x00000000400819fc       0x53 /Users/gideon/Documents/GitHub/Digital-Electronics/i2c/build/esp32/libesp32.a(int_wdt.o)
 *fill*         0x0000000040081a4f        0x1 
 .iram1         0x0000000040081a50      0x2b6 /Users/gideon/Documents/GitHub/Digital-Electronics/i2c/build/esp32/libesp32.a(intr_alloc.o)
                                        0x2ce (size before relaxing)
                0x0000000040081a8c                esp_intr_set_in_iram
                0x0000000040081b14                esp_intr_enable
                0x0000000040081b9c                esp_intr_disable
                0x0000000040081c64                esp_intr_noniram_disable
                0x0000000040081cb0                esp_intr_noniram_enable
                0x0000000040081cf0                ets_isr_unmask
                0x0000000040081cfc                ets_isr_mask
 *fill*         0x0000000040081d06        0x2 
 .iram1         0x0000000040081d08       0x7f /Users/gideon/Documents/GitHub/Digital-Electronics/i2c/build/esp32/libesp32.a(ipc.o)
                                         0x8b (size before relaxing)
 *fill*         0x0000000040081d87        0x1 
 .iram1         0x0000000040081d88      0x1e1 /Users/gideon/Documents/GitHub/Digital-Electronics/i2c/build/esp32/libesp32.a(system_api.o)
                                        0x21c (size before relaxing)
                0x0000000040081e00                esp_restart_noos
                0x0000000040081f48                esp_restart
                0x0000000040081f48                system_restart
 *fill*         0x0000000040081f69        0x3 
 .iram1         0x0000000040081f6c       0xda /Users/gideon/Documents/GitHub/Digital-Electronics/i2c/build/esp32/libesp32.a(dport_panic_highint_hdl.o)
                0x0000000040081f6c                xt_highint4
                0x0000000040082046                ld_include_panic_highint_hdl
 *fill*         0x0000000040082046        0x2 
 .iram1         0x0000000040082048       0x2c /Users/gideon/Documents/GitHub/Digital-Electronics/i2c/build/esp32/libesp32.a(cache_err_int.o)
                                         0x34 (size before relaxing)
                0x0000000040082048                esp_cache_err_get_cpuid
 .iram1         0x0000000040082074       0x37 /Users/gideon/Documents/GitHub/Digital-Electronics/i2c/build/esp32/libesp32.a(clk.o)
                0x0000000040082074                esp_clk_cpu_freq
                0x0000000040082084                esp_clk_apb_freq
                0x000000004008209c                ets_update_cpu_frequency
 *fill*         0x00000000400820ab        0x1 
 .iram1         0x00000000400820ac       0x27 /Users/gideon/Documents/GitHub/Digital-Electronics/i2c/build/esp32/libesp32.a(freertos_hooks.o)
                0x00000000400820ac                esp_vApplicationTickHook
 *fill*         0x00000000400820d3        0x1 
 .iram1         0x00000000400820d4       0x1a /Users/gideon/Documents/GitHub/Digital-Electronics/i2c/build/freertos/libfreertos.a(port.o)
                0x00000000400820d4                xPortInterruptedFromISRContext
 *fill*         0x00000000400820ee        0x2 
 .iram1         0x00000000400820f0      0x4b4 /Users/gideon/Documents/GitHub/Digital-Electronics/i2c/build/freertos/libfreertos.a(xtensa_vectors.o)
                0x00000000400820f0                _xt_panic
                0x0000000040082208                _xt_user_exit
                0x00000000400824f4                _xt_medint2_exit
                0x0000000040082590                _xt_medint3_exit
 .iram1         0x00000000400825a4      0x3f1 /Users/gideon/Documents/GitHub/Digital-Electronics/i2c/build/heap/libheap.a(heap_caps.o)
                                        0x40d (size before relaxing)
                0x0000000040082634                heap_caps_malloc
                0x00000000400826d4                heap_caps_malloc_default
                0x0000000040082718                heap_caps_malloc_prefer
                0x0000000040082770                heap_caps_free
                0x00000000400827a8                heap_caps_realloc
                0x0000000040082854                heap_caps_realloc_default
                0x00000000400828ac                heap_caps_realloc_prefer
                0x0000000040082910                heap_caps_calloc
                0x0000000040082940                heap_caps_calloc_prefer
 *fill*         0x0000000040082995        0x3 
 .iram1         0x0000000040082998      0x18a /Users/gideon/Documents/GitHub/Digital-Electronics/i2c/build/log/liblog.a(log.o)
                                        0x19a (size before relaxing)
                0x0000000040082998                esp_log_write
                0x0000000040082ac8                esp_log_early_timestamp
                0x0000000040082ae4                esp_log_timestamp
 *fill*         0x0000000040082b22        0x2 
 .iram1         0x0000000040082b24      0x1cc /Users/gideon/Documents/GitHub/Digital-Electronics/i2c/build/newlib/libnewlib.a(locks.o)
                                        0x210 (size before relaxing)
                0x0000000040082c3c                _lock_init
                0x0000000040082c4c                _lock_init_recursive
                0x0000000040082c5c                _lock_close
                0x0000000040082c98                _lock_acquire
                0x0000000040082ca8                _lock_acquire_recursive
                0x0000000040082cb8                _lock_try_acquire
                0x0000000040082cc8                _lock_try_acquire_recursive
                0x0000000040082cd8                _lock_release
                0x0000000040082ce4                _lock_release_recursive
 .iram1         0x0000000040082cf0       0x3c /Users/gideon/Documents/GitHub/Digital-Electronics/i2c/build/newlib/libnewlib.a(reent_init.o)
                0x0000000040082cf0                esp_reent_init
 .iram1         0x0000000040082d2c       0x5a /Users/gideon/Documents/GitHub/Digital-Electronics/i2c/build/newlib/libnewlib.a(syscalls.o)
                                         0x62 (size before relaxing)
                0x0000000040082d2c                _malloc_r
                0x0000000040082d38                _free_r
                0x0000000040082d44                _realloc_r
                0x0000000040082d58                _calloc_r
 *fill*         0x0000000040082d86        0x2 
 .iram1         0x0000000040082d88       0x70 /Users/gideon/Documents/GitHub/Digital-Electronics/i2c/build/newlib/libnewlib.a(time.o)
                                         0x74 (size before relaxing)
                0x0000000040082d88                _gettimeofday_r
                0x0000000040082dd0                _times_r
 .iram1         0x0000000040082df8      0x11a /Users/gideon/Documents/GitHub/Digital-Electronics/i2c/build/soc/libsoc.a(cpu_util.o)
                0x0000000040082df8                esp_cpu_stall
                0x0000000040082e8c                esp_cpu_unstall
                0x0000000040082ee0                esp_cpu_reset
                0x0000000040082f04                esp_cpu_in_ocd_debug_mode
 *fill*         0x0000000040082f12        0x2 
 .iram1         0x0000000040082f14      0x2f4 /Users/gideon/Documents/GitHub/Digital-Electronics/i2c/build/spi_flash/libspi_flash.a(cache_utils.o)
                                        0x340 (size before relaxing)
                0x0000000040082f78                spi_flash_op_block_func
                0x0000000040083024                spi_flash_disable_interrupts_caches_and_other_cpu
                0x0000000040083104                spi_flash_enable_interrupts_caches_and_other_cpu
                0x000000004008319c                spi_flash_disable_interrupts_caches_and_other_cpu_no_os
                0x00000000400831c8                spi_flash_enable_interrupts_caches_no_os
                0x00000000400831e4                spi_flash_cache_enabled
 .iram1         0x0000000040083208      0x722 /Users/gideon/Documents/GitHub/Digital-Electronics/i2c/build/spi_flash/libspi_flash.a(flash_ops.o)
                                        0x74a (size before relaxing)
                0x0000000040083278                spi_flash_guard_set
                0x0000000040083284                spi_flash_guard_get
                0x0000000040083290                spi_flash_get_chip_size
                0x000000004008329c                spi_flash_erase_range
                0x0000000040083354                spi_flash_erase_sector
                0x0000000040083378                spi_flash_write
                0x0000000040083540                spi_flash_read
                0x00000000400837d8                spi_flash_read_encrypted
                0x0000000040083820                spi_flash_write_encrypted
 *fill*         0x000000004008392a        0x2 
 .iram1         0x000000004008392c      0x4ce /Users/gideon/Documents/GitHub/Digital-Electronics/i2c/build/spi_flash/libspi_flash.a(flash_mmap.o)
                                        0x502 (size before relaxing)
                0x0000000040083a58                spi_flash_mmap_pages
                0x0000000040083c98                spi_flash_mmap
                0x0000000040083d0c                spi_flash_munmap
                0x0000000040083db0                spi_flash_mark_modified_region
 *fill*         0x0000000040083dfa        0x2 
 .iram1         0x0000000040083dfc      0x839 /Users/gideon/Documents/GitHub/Digital-Electronics/i2c/build/driver/libdriver.a(i2c.o)
                                        0x859 (size before relaxing)
 *fill*         0x0000000040084635        0x3 
 .iram1         0x0000000040084638       0x20 /Users/gideon/Documents/GitHub/Digital-Electronics/i2c/build/esp32/libesp32.a(dbg_stubs.o)
 *fill*         0x0000000040084658        0x0 
 *fill*         0x0000000040084658        0x0 
 *fill*         0x0000000040084658        0x0 
 *fill*         0x0000000040084658        0x0 
 *fill*         0x0000000040084658        0x0 
 *fill*         0x0000000040084658        0x0 
 *fill*         0x0000000040084658        0x0 
 *fill*         0x0000000040084658        0x0 
 *fill*         0x0000000040084658        0x0 
 *fill*         0x0000000040084658        0x0 
 .iram1         0x0000000040084658       0x2e /Users/gideon/Documents/GitHub/Digital-Electronics/i2c/build/freertos/libfreertos.a(xtensa_vector_defaults.o)
                0x0000000040084658                xt_debugexception
                0x0000000040084678                xt_highint5
                0x0000000040084680                _xt_nmi
                0x0000000040084680                xt_nmi
 *fill*         0x0000000040084686        0x0 
 *fill*         0x0000000040084686        0x0 
 *fill*         0x0000000040084686        0x0 
 *fill*         0x0000000040084686        0x0 
 *fill*         0x0000000040084686        0x0 
 *fill*         0x0000000040084686        0x0 
 *fill*         0x0000000040084686        0x0 
 *libfreertos.a:(.literal .text .literal.* .text.*)
 *fill*         0x0000000040084686        0x2 
 .text.pxPortInitialiseStack
                0x0000000040084688       0x86 /Users/gideon/Documents/GitHub/Digital-Electronics/i2c/build/freertos/libfreertos.a(port.o)
                0x0000000040084688                pxPortInitialiseStack
 *fill*         0x000000004008470e        0x2 
 .text.xPortStartScheduler
                0x0000000040084710       0x22 /Users/gideon/Documents/GitHub/Digital-Electronics/i2c/build/freertos/libfreertos.a(port.o)
                                         0x2e (size before relaxing)
                0x0000000040084710                xPortStartScheduler
 *fill*         0x0000000040084732        0x2 
 .text.xPortSysTickHandler
                0x0000000040084734       0x10 /Users/gideon/Documents/GitHub/Digital-Electronics/i2c/build/freertos/libfreertos.a(port.o)
                                         0x16 (size before relaxing)
                0x0000000040084734                xPortSysTickHandler
 *fill*         0x0000000040084744        0x0 
 .text.vPortYieldOtherCore
                0x0000000040084744        0xa /Users/gideon/Documents/GitHub/Digital-Electronics/i2c/build/freertos/libfreertos.a(port.o)
                                          0xe (size before relaxing)
                0x0000000040084744                vPortYieldOtherCore
 *fill*         0x000000004008474e        0x2 
 .text.vPortReleaseTaskMPUSettings
                0x0000000040084750        0xa /Users/gideon/Documents/GitHub/Digital-Electronics/i2c/build/freertos/libfreertos.a(port.o)
                                          0xe (size before relaxing)
                0x0000000040084750                vPortReleaseTaskMPUSettings
 *fill*         0x000000004008475a        0x2 
 .text.xPortInIsrContext
                0x000000004008475c       0x26 /Users/gideon/Documents/GitHub/Digital-Electronics/i2c/build/freertos/libfreertos.a(port.o)
                0x000000004008475c                xPortInIsrContext
 *fill*         0x0000000040084782        0x2 
 .text.vPortCPUInitializeMutex
                0x0000000040084784        0xe /Users/gideon/Documents/GitHub/Digital-Electronics/i2c/build/freertos/libfreertos.a(port.o)
                0x0000000040084784                vPortCPUInitializeMutex
 *fill*         0x0000000040084792        0x2 
 .text.vPortCPUAcquireMutex
                0x0000000040084794       0x81 /Users/gideon/Documents/GitHub/Digital-Electronics/i2c/build/freertos/libfreertos.a(port.o)
                                         0x88 (size before relaxing)
                0x0000000040084794                vPortCPUAcquireMutex
 *fill*         0x0000000040084815        0x3 
 .text.vPortCPUReleaseMutex
                0x0000000040084818       0x4d /Users/gideon/Documents/GitHub/Digital-Electronics/i2c/build/freertos/libfreertos.a(port.o)
                                         0x50 (size before relaxing)
                0x0000000040084818                vPortCPUReleaseMutex
 *fill*         0x0000000040084865        0x3 
 .text.prvIsQueueFull
                0x0000000040084868       0x2a /Users/gideon/Documents/GitHub/Digital-Electronics/i2c/build/freertos/libfreertos.a(queue.o)
 *fill*         0x0000000040084892        0x2 
 .text.prvCopyDataToQueue
                0x0000000040084894       0x9e /Users/gideon/Documents/GitHub/Digital-Electronics/i2c/build/freertos/libfreertos.a(queue.o)
 *fill*         0x0000000040084932        0x2 
 .text.prvNotifyQueueSetContainer
                0x0000000040084934       0x77 /Users/gideon/Documents/GitHub/Digital-Electronics/i2c/build/freertos/libfreertos.a(queue.o)
                                         0x8a (size before relaxing)
 *fill*         0x00000000400849ab        0x1 
 .text.prvCopyDataFromQueue
                0x00000000400849ac       0x24 /Users/gideon/Documents/GitHub/Digital-Electronics/i2c/build/freertos/libfreertos.a(queue.o)
 .text.xQueueGenericReset
                0x00000000400849d0       0x86 /Users/gideon/Documents/GitHub/Digital-Electronics/i2c/build/freertos/libfreertos.a(queue.o)
                                         0x96 (size before relaxing)
                0x00000000400849d0                xQueueGenericReset
 *fill*         0x0000000040084a56        0x2 
 .text.prvInitialiseNewQueue
                0x0000000040084a58       0x1f /Users/gideon/Documents/GitHub/Digital-Electronics/i2c/build/freertos/libfreertos.a(queue.o)
                                         0x23 (size before relaxing)
 *fill*         0x0000000040084a77        0x1 
 .text.xQueueGenericCreate
                0x0000000040084a78       0x49 /Users/gideon/Documents/GitHub/Digital-Electronics/i2c/build/freertos/libfreertos.a(queue.o)
                                         0x4d (size before relaxing)
                0x0000000040084a78                xQueueGenericCreate
 *fill*         0x0000000040084ac1        0x3 
 .text.xQueueGetMutexHolder
                0x0000000040084ac4       0x23 /Users/gideon/Documents/GitHub/Digital-Electronics/i2c/build/freertos/libfreertos.a(queue.o)
                0x0000000040084ac4                xQueueGetMutexHolder
 *fill*         0x0000000040084ae7        0x1 
 .text.xQueueCreateCountingSemaphore
                0x0000000040084ae8       0x66 /Users/gideon/Documents/GitHub/Digital-Electronics/i2c/build/freertos/libfreertos.a(queue.o)
                                         0x6a (size before relaxing)
                0x0000000040084ae8                xQueueCreateCountingSemaphore
 *fill*         0x0000000040084b4e        0x2 
 .text.xQueueGenericSend
                0x0000000040084b50      0x158 /Users/gideon/Documents/GitHub/Digital-Electronics/i2c/build/freertos/libfreertos.a(queue.o)
                                        0x18c (size before relaxing)
                0x0000000040084b50                xQueueGenericSend
 .text.prvInitialiseMutex
                0x0000000040084ca8       0x22 /Users/gideon/Documents/GitHub/Digital-Electronics/i2c/build/freertos/libfreertos.a(queue.o)
                                         0x26 (size before relaxing)
 *fill*         0x0000000040084cca        0x2 
 .text.xQueueCreateMutex
                0x0000000040084ccc       0x16 /Users/gideon/Documents/GitHub/Digital-Electronics/i2c/build/freertos/libfreertos.a(queue.o)
                                         0x1a (size before relaxing)
                0x0000000040084ccc                xQueueCreateMutex
 *fill*         0x0000000040084ce2        0x2 
 .text.xQueueGiveMutexRecursive
                0x0000000040084ce4       0x48 /Users/gideon/Documents/GitHub/Digital-Electronics/i2c/build/freertos/libfreertos.a(queue.o)
                                         0x4c (size before relaxing)
                0x0000000040084ce4                xQueueGiveMutexRecursive
 .text.xQueueGenericSendFromISR
                0x0000000040084d2c       0xd6 /Users/gideon/Documents/GitHub/Digital-Electronics/i2c/build/freertos/libfreertos.a(queue.o)
                                         0xe6 (size before relaxing)
                0x0000000040084d2c                xQueueGenericSendFromISR
 *fill*         0x0000000040084e02        0x2 
 .text.xQueueGiveFromISR
                0x0000000040084e04       0xb6 /Users/gideon/Documents/GitHub/Digital-Electronics/i2c/build/freertos/libfreertos.a(queue.o)
                                         0xc2 (size before relaxing)
                0x0000000040084e04                xQueueGiveFromISR
 *fill*         0x0000000040084eba        0x2 
 .text.xQueueGenericReceive
                0x0000000040084ebc      0x144 /Users/gideon/Documents/GitHub/Digital-Electronics/i2c/build/freertos/libfreertos.a(queue.o)
                                        0x178 (size before relaxing)
                0x0000000040084ebc                xQueueGenericReceive
 .text.xQueueTakeMutexRecursive
                0x0000000040085000       0x51 /Users/gideon/Documents/GitHub/Digital-Electronics/i2c/build/freertos/libfreertos.a(queue.o)
                0x0000000040085000                xQueueTakeMutexRecursive
 *fill*         0x0000000040085051        0x3 
 .text.xQueueReceiveFromISR
                0x0000000040085054       0x96 /Users/gideon/Documents/GitHub/Digital-Electronics/i2c/build/freertos/libfreertos.a(queue.o)
                                         0xa6 (size before relaxing)
                0x0000000040085054                xQueueReceiveFromISR
 *fill*         0x00000000400850ea        0x2 
 .text.vQueueDelete
                0x00000000400850ec       0x28 /Users/gideon/Documents/GitHub/Digital-Electronics/i2c/build/freertos/libfreertos.a(queue.o)
                0x00000000400850ec                vQueueDelete
 .text.vQueueWaitForMessageRestricted
                0x0000000040085114       0x23 /Users/gideon/Documents/GitHub/Digital-Electronics/i2c/build/freertos/libfreertos.a(queue.o)
                                         0x2a (size before relaxing)
                0x0000000040085114                vQueueWaitForMessageRestricted
 *fill*         0x0000000040085137        0x1 
 .text.prvResetNextTaskUnblockTime
                0x0000000040085138       0x34 /Users/gideon/Documents/GitHub/Digital-Electronics/i2c/build/freertos/libfreertos.a(tasks.o)
 .text.prvDeleteTLS
                0x000000004008516c       0x40 /Users/gideon/Documents/GitHub/Digital-Electronics/i2c/build/freertos/libfreertos.a(tasks.o)
 .text.prvInitialiseNewTask
                0x00000000400851ac       0xc4 /Users/gideon/Documents/GitHub/Digital-Electronics/i2c/build/freertos/libfreertos.a(tasks.o)
                                         0xd0 (size before relaxing)
 .text.prvInitialiseTaskLists
                0x0000000040085270       0x5a /Users/gideon/Documents/GitHub/Digital-Electronics/i2c/build/freertos/libfreertos.a(tasks.o)
                                         0x6e (size before relaxing)
 *fill*         0x00000000400852ca        0x2 
 .text.prvDeleteTCB
                0x00000000400852cc       0x56 /Users/gideon/Documents/GitHub/Digital-Electronics/i2c/build/freertos/libfreertos.a(tasks.o)
                                         0x5d (size before relaxing)
 *fill*         0x0000000040085322        0x2 
 .text.prvAddCurrentTaskToDelayedList
                0x0000000040085324       0x66 /Users/gideon/Documents/GitHub/Digital-Electronics/i2c/build/freertos/libfreertos.a(tasks.o)
                                         0x6a (size before relaxing)
 *fill*         0x000000004008538a        0x2 
 .text.taskYIELD_OTHER_CORE
                0x000000004008538c       0x53 /Users/gideon/Documents/GitHub/Digital-Electronics/i2c/build/freertos/libfreertos.a(tasks.o)
                0x000000004008538c                taskYIELD_OTHER_CORE
 *fill*         0x00000000400853df        0x1 
 .text.vTaskSuspendAll
                0x00000000400853e0       0x26 /Users/gideon/Documents/GitHub/Digital-Electronics/i2c/build/freertos/libfreertos.a(tasks.o)
                0x00000000400853e0                vTaskSuspendAll
 *fill*         0x0000000040085406        0x2 
 .text.xTaskGetIdleTaskHandleForCPU
                0x0000000040085408       0x2a /Users/gideon/Documents/GitHub/Digital-Electronics/i2c/build/freertos/libfreertos.a(tasks.o)
                                         0x2e (size before relaxing)
                0x0000000040085408                xTaskGetIdleTaskHandleForCPU
 *fill*         0x0000000040085432        0x2 
 .text.vTaskSwitchContext
                0x0000000040085434      0x27e /Users/gideon/Documents/GitHub/Digital-Electronics/i2c/build/freertos/libfreertos.a(tasks.o)
                                        0x28a (size before relaxing)
                0x0000000040085434                vTaskSwitchContext
 *fill*         0x00000000400856b2        0x2 
 .text.vTaskSetTimeOutState
                0x00000000400856b4       0x34 /Users/gideon/Documents/GitHub/Digital-Electronics/i2c/build/freertos/libfreertos.a(tasks.o)
                0x00000000400856b4                vTaskSetTimeOutState
 .text.xTaskGetCurrentTaskHandle
                0x00000000400856e8       0x1f /Users/gideon/Documents/GitHub/Digital-Electronics/i2c/build/freertos/libfreertos.a(tasks.o)
                0x00000000400856e8                xTaskGetCurrentTaskHandle
 *fill*         0x0000000040085707        0x1 
 .text.__getreent
                0x0000000040085708       0x19 /Users/gideon/Documents/GitHub/Digital-Electronics/i2c/build/freertos/libfreertos.a(tasks.o)
                0x0000000040085708                __getreent
 *fill*         0x0000000040085721        0x3 
 .text.pcTaskGetTaskName
                0x0000000040085724       0x2a /Users/gideon/Documents/GitHub/Digital-Electronics/i2c/build/freertos/libfreertos.a(tasks.o)
                                         0x2d (size before relaxing)
                0x0000000040085724                pcTaskGetTaskName
 *fill*         0x000000004008574e        0x2 
 .text.xTaskGetAffinity
                0x0000000040085750       0x10 /Users/gideon/Documents/GitHub/Digital-Electronics/i2c/build/freertos/libfreertos.a(tasks.o)
                                         0x13 (size before relaxing)
                0x0000000040085750                xTaskGetAffinity
 *fill*         0x0000000040085760        0x0 
 .text.xTaskGetCurrentTaskHandleForCPU
                0x0000000040085760       0x18 /Users/gideon/Documents/GitHub/Digital-Electronics/i2c/build/freertos/libfreertos.a(tasks.o)
                0x0000000040085760                xTaskGetCurrentTaskHandleForCPU
 .text.xTaskGetSchedulerState
                0x0000000040085778       0x37 /Users/gideon/Documents/GitHub/Digital-Electronics/i2c/build/freertos/libfreertos.a(tasks.o)
                0x0000000040085778                xTaskGetSchedulerState
 *fill*         0x00000000400857af        0x1 
 .text.vTaskEnterCritical
                0x00000000400857b0       0xac /Users/gideon/Documents/GitHub/Digital-Electronics/i2c/build/freertos/libfreertos.a(tasks.o)
                                         0xb3 (size before relaxing)
                0x00000000400857b0                vTaskEnterCritical
 *fill*         0x000000004008585c        0x0 
 .text.vTaskExitCritical
                0x000000004008585c       0x77 /Users/gideon/Documents/GitHub/Digital-Electronics/i2c/build/freertos/libfreertos.a(tasks.o)
                0x000000004008585c                vTaskExitCritical
 *fill*         0x00000000400858d3        0x1 
 .text.prvAddNewTaskToReadyList
                0x00000000400858d4      0x160 /Users/gideon/Documents/GitHub/Digital-Electronics/i2c/build/freertos/libfreertos.a(tasks.o)
                                        0x173 (size before relaxing)
 *fill*         0x0000000040085a34        0x0 
 .text.xTaskCreatePinnedToCore
                0x0000000040085a34       0x6e /Users/gideon/Documents/GitHub/Digital-Electronics/i2c/build/freertos/libfreertos.a(tasks.o)
                                         0x76 (size before relaxing)
                0x0000000040085a34                xTaskCreatePinnedToCore
 *fill*         0x0000000040085aa2        0x2 
 .text.vTaskStartScheduler
                0x0000000040085aa4       0x67 /Users/gideon/Documents/GitHub/Digital-Electronics/i2c/build/freertos/libfreertos.a(tasks.o)
                                         0x72 (size before relaxing)
                0x0000000040085aa4                vTaskStartScheduler
 *fill*         0x0000000040085b0b        0x1 
 .text.vTaskDelete
                0x0000000040085b0c      0x10a /Users/gideon/Documents/GitHub/Digital-Electronics/i2c/build/freertos/libfreertos.a(tasks.o)
                                        0x122 (size before relaxing)
                0x0000000040085b0c                vTaskDelete
 *fill*         0x0000000040085c16        0x2 
 .text.vTaskDelay
                0x0000000040085c18       0x70 /Users/gideon/Documents/GitHub/Digital-Electronics/i2c/build/freertos/libfreertos.a(tasks.o)
                                         0x80 (size before relaxing)
                0x0000000040085c18                vTaskDelay
 .text.uxTaskPriorityGet
                0x0000000040085c88       0x1c /Users/gideon/Documents/GitHub/Digital-Electronics/i2c/build/freertos/libfreertos.a(tasks.o)
                                         0x23 (size before relaxing)
                0x0000000040085c88                uxTaskPriorityGet
 *fill*         0x0000000040085ca4        0x0 
 .text.vTaskPrioritySet
                0x0000000040085ca4      0x12d /Users/gideon/Documents/GitHub/Digital-Electronics/i2c/build/freertos/libfreertos.a(tasks.o)
                                        0x143 (size before relaxing)
                0x0000000040085ca4                vTaskPrioritySet
 *fill*         0x0000000040085dd1        0x3 
 .text.prvCheckTasksWaitingTermination
                0x0000000040085dd4       0xbe /Users/gideon/Documents/GitHub/Digital-Electronics/i2c/build/freertos/libfreertos.a(tasks.o)
                                         0xc6 (size before relaxing)
 *fill*         0x0000000040085e92        0x2 
 .text.prvIdleTask
                0x0000000040085e94        0xf /Users/gideon/Documents/GitHub/Digital-Electronics/i2c/build/freertos/libfreertos.a(tasks.o)
                                         0x18 (size before relaxing)
 *fill*         0x0000000040085ea3        0x1 
 .text.xTaskGetTickCount
                0x0000000040085ea4       0x1c /Users/gideon/Documents/GitHub/Digital-Electronics/i2c/build/freertos/libfreertos.a(tasks.o)
                                         0x20 (size before relaxing)
                0x0000000040085ea4                xTaskGetTickCount
 .text.xTaskIncrementTick
                0x0000000040085ec0      0x1b2 /Users/gideon/Documents/GitHub/Digital-Electronics/i2c/build/freertos/libfreertos.a(tasks.o)
                                        0x1ce (size before relaxing)
                0x0000000040085ec0                xTaskIncrementTick
 *fill*         0x0000000040086072        0x2 
 .text.xTaskResumeAll
                0x0000000040086074      0x177 /Users/gideon/Documents/GitHub/Digital-Electronics/i2c/build/freertos/libfreertos.a(tasks.o)
                                        0x186 (size before relaxing)
                0x0000000040086074                xTaskResumeAll
 *fill*         0x00000000400861eb        0x1 
 .text.vTaskPlaceOnEventList
                0x00000000400861ec       0x83 /Users/gideon/Documents/GitHub/Digital-Electronics/i2c/build/freertos/libfreertos.a(tasks.o)
                                         0x97 (size before relaxing)
                0x00000000400861ec                vTaskPlaceOnEventList
 *fill*         0x000000004008626f        0x1 
 .text.vTaskPlaceOnEventListRestricted
                0x0000000040086270       0x5b /Users/gideon/Documents/GitHub/Digital-Electronics/i2c/build/freertos/libfreertos.a(tasks.o)
                                         0x6f (size before relaxing)
                0x0000000040086270                vTaskPlaceOnEventListRestricted
 *fill*         0x00000000400862cb        0x1 
 .text.xTaskRemoveFromEventList
                0x00000000400862cc      0x134 /Users/gideon/Documents/GitHub/Digital-Electronics/i2c/build/freertos/libfreertos.a(tasks.o)
                                        0x143 (size before relaxing)
                0x00000000400862cc                xTaskRemoveFromEventList
 *fill*         0x0000000040086400        0x0 
 .text.xTaskCheckForTimeOut
                0x0000000040086400       0x89 /Users/gideon/Documents/GitHub/Digital-Electronics/i2c/build/freertos/libfreertos.a(tasks.o)
                                         0x94 (size before relaxing)
                0x0000000040086400                xTaskCheckForTimeOut
 *fill*         0x0000000040086489        0x3 
 .text.vTaskPriorityInherit
                0x000000004008648c       0xc4 /Users/gideon/Documents/GitHub/Digital-Electronics/i2c/build/freertos/libfreertos.a(tasks.o)
                                         0xdb (size before relaxing)
                0x000000004008648c                vTaskPriorityInherit
 *fill*         0x0000000040086550        0x0 
 .text.xTaskPriorityDisinherit
                0x0000000040086550       0x97 /Users/gideon/Documents/GitHub/Digital-Electronics/i2c/build/freertos/libfreertos.a(tasks.o)
                                         0xaa (size before relaxing)
                0x0000000040086550                xTaskPriorityDisinherit
 *fill*         0x00000000400865e7        0x1 
 .text.pvTaskIncrementMutexHeldCount
                0x00000000400865e8       0x50 /Users/gideon/Documents/GitHub/Digital-Electronics/i2c/build/freertos/libfreertos.a(tasks.o)
                                         0x54 (size before relaxing)
                0x00000000400865e8                pvTaskIncrementMutexHeldCount
 .text.prvGetNextExpireTime
                0x0000000040086638       0x20 /Users/gideon/Documents/GitHub/Digital-Electronics/i2c/build/freertos/libfreertos.a(timers.o)
 .text.prvInsertTimerInActiveList
                0x0000000040086658       0x50 /Users/gideon/Documents/GitHub/Digital-Electronics/i2c/build/freertos/libfreertos.a(timers.o)
                                         0x54 (size before relaxing)
 .text.prvCheckForValidListAndQueue
                0x00000000400866a8       0x66 /Users/gideon/Documents/GitHub/Digital-Electronics/i2c/build/freertos/libfreertos.a(timers.o)
                                         0x7e (size before relaxing)
 *fill*         0x000000004008670e        0x2 
 .text.xTimerCreateTimerTask
                0x0000000040086710       0x48 /Users/gideon/Documents/GitHub/Digital-Electronics/i2c/build/freertos/libfreertos.a(timers.o)
                                         0x4c (size before relaxing)
                0x0000000040086710                xTimerCreateTimerTask
 .text.xTimerGenericCommand
                0x0000000040086758       0x55 /Users/gideon/Documents/GitHub/Digital-Electronics/i2c/build/freertos/libfreertos.a(timers.o)
                                         0x5d (size before relaxing)
                0x0000000040086758                xTimerGenericCommand
 *fill*         0x00000000400867ad        0x3 
 .text.prvSwitchTimerLists
                0x00000000400867b0       0x76 /Users/gideon/Documents/GitHub/Digital-Electronics/i2c/build/freertos/libfreertos.a(timers.o)
                                         0x82 (size before relaxing)
 *fill*         0x0000000040086826        0x2 
 .text.prvSampleTimeNow
                0x0000000040086828       0x2b /Users/gideon/Documents/GitHub/Digital-Electronics/i2c/build/freertos/libfreertos.a(timers.o)
                                         0x2f (size before relaxing)
 *fill*         0x0000000040086853        0x1 
 .text.prvProcessExpiredTimer
                0x0000000040086854       0x53 /Users/gideon/Documents/GitHub/Digital-Electronics/i2c/build/freertos/libfreertos.a(timers.o)
                                         0x5f (size before relaxing)
 *fill*         0x00000000400868a7        0x1 
 .text.prvProcessTimerOrBlockTask
                0x00000000400868a8       0x58 /Users/gideon/Documents/GitHub/Digital-Electronics/i2c/build/freertos/libfreertos.a(timers.o)
                                         0x6c (size before relaxing)
 .text.prvProcessReceivedCommands
                0x0000000040086900       0xd6 /Users/gideon/Documents/GitHub/Digital-Electronics/i2c/build/freertos/libfreertos.a(timers.o)
                                         0xe6 (size before relaxing)
 *fill*         0x00000000400869d6        0x2 
 .text.prvTimerTask
                0x00000000400869d8       0x15 /Users/gideon/Documents/GitHub/Digital-Electronics/i2c/build/freertos/libfreertos.a(timers.o)
                                         0x1d (size before relaxing)
 *fill*         0x00000000400869ed        0x3 
 .text._xt_tick_divisor_init
                0x00000000400869f0       0x1c /Users/gideon/Documents/GitHub/Digital-Electronics/i2c/build/freertos/libfreertos.a(xtensa_init.o)